Build started 07/12/2025 5:55:40 pm.
Logging verbosity is set to: Detailed.Process = "C:\Program Files\Microsoft Visual Studio\2022\Community\MSBuild\Current\Bin\MSBuild.exe"
MSBuild executable path = "C:\Program Files\Microsoft Visual Studio\2022\Community\MSBuild\Current\Bin\MSBuild.exe"
Command line arguments = ""C:\Program Files\Microsoft Visual Studio\2022\Community\MSBuild\Current\Bin\MSBuild.exe" -t:Build -p:Configuration=Debug /v:q /flp:logfile=build_errors.log"
Current directory = "C:\Users\johna\source\repos\POS_System\POS_System"
MSBuild version = "17.14.23+b0019275e"
Based on the Windows registry key LongPathsEnabled, the LongPaths feature is disabled.
Based on the Windows registry key VerifiedAndReputablePolicyState, SAC state = 0: turned off.
Some command line switches were read from the auto-response file "C:\Program Files\Microsoft Visual Studio\2022\Community\MSBuild\Current\Bin\MSBuild.rsp". To disable this file, use the "-noAutoResponse" switch.

Property reassignment: $(MSBuildExtensionsPath)="C:\Program Files\Microsoft Visual Studio\2022\Community\MSBuild" (previous value: "C:\Program Files (x86)\MSBuild") at 
Property reassignment: $(MSBuildExtensionsPath32)="C:\Program Files\Microsoft Visual Studio\2022\Community\MSBuild" (previous value: "C:\Program Files (x86)\MSBuild") at 
Search paths being used for $(MSBuildExtensionsPath) are C:\Program Files\Microsoft Visual Studio\2022\Community\MSBuild;$(MSBuildProgramFiles32)\MSBuild
Trying to import C:\Program Files\Microsoft Visual Studio\2022\Community\MSBuild\$(MSBuildToolsVersion)\Microsoft.Common.props using extensions path C:\Program Files\Microsoft Visual Studio\2022\Community\MSBuild
C:\Program Files\Microsoft Visual Studio\2022\Community\MSBuild\Current\Microsoft.Common.props(60,5): message : Property reassignment: $(MSBuildProjectExtensionsPath)="C:\Users\johna\source\repos\POS_System\POS_System\obj\" (previous value: "obj\") at C:\Program Files\Microsoft Visual Studio\2022\Community\MSBuild\Current\Microsoft.Common.props (60,5)
C:\Program Files\Microsoft Visual Studio\2022\Community\MSBuild\Current\Microsoft.Common.props(84,119): message : Property 'MSBuildUserExtensionsPath' with value 'C:\Users\johna\AppData\Local\Microsoft\MSBuild' expanded from the environment.
Search paths being used for $(MSBuildExtensionsPath) are C:\Program Files\Microsoft Visual Studio\2022\Community\MSBuild;$(MSBuildProgramFiles32)\MSBuild
Trying to import C:\Program Files\Microsoft Visual Studio\2022\Community\MSBuild\$(MSBuildToolsVersion)\Imports\Microsoft.Common.props\ImportBefore\* using extensions path C:\Program Files\Microsoft Visual Studio\2022\Community\MSBuild
The "Configuration" property is a global property, and cannot be modified.
Search paths being used for $(MSBuildExtensionsPath) are C:\Program Files\Microsoft Visual Studio\2022\Community\MSBuild;$(MSBuildProgramFiles32)\MSBuild
Search paths being used for $(MSBuildExtensionsPath) are C:\Program Files\Microsoft Visual Studio\2022\Community\MSBuild;$(MSBuildProgramFiles32)\MSBuild
The "Configuration" property is a global property, and cannot be modified.
Search paths being used for $(MSBuildExtensionsPath) are C:\Program Files\Microsoft Visual Studio\2022\Community\MSBuild;$(MSBuildProgramFiles32)\MSBuild
C:\Program Files\Microsoft Visual Studio\2022\Community\MSBuild\Current\Bin\Roslyn\Microsoft.CSharp.Core.targets(200,5): message : Property reassignment: $(CommandLineArgsForDesignTimeEvaluation)="-langversion:7.3 -define:DEBUG;TRACE" (previous value: "-langversion:7.3") at C:\Program Files\Microsoft Visual Studio\2022\Community\MSBuild\Current\Bin\Roslyn\Microsoft.CSharp.Core.targets (200,5)
C:\Program Files\Microsoft Visual Studio\2022\Community\MSBuild\Microsoft\VisualStudio\Managed\Microsoft.Managed.DesignTime.targets(13,5): message : Property reassignment: $(DefineCommonItemSchemas)="false" (previous value: "true") at C:\Program Files\Microsoft Visual Studio\2022\Community\MSBuild\Microsoft\VisualStudio\Managed\Microsoft.Managed.DesignTime.targets (13,5)
C:\Program Files\Microsoft Visual Studio\2022\Community\MSBuild\Microsoft\VisualStudio\Managed\Microsoft.Managed.DesignTime.targets(14,5): message : Property reassignment: $(DefineCommonCapabilities)="false" (previous value: "true") at C:\Program Files\Microsoft Visual Studio\2022\Community\MSBuild\Microsoft\VisualStudio\Managed\Microsoft.Managed.DesignTime.targets (14,5)
C:\Program Files\Microsoft Visual Studio\2022\Community\MSBuild\Microsoft\VisualStudio\Managed\Microsoft.Managed.DesignTime.targets(15,5): message : Property reassignment: $(DefineCommonReferenceSchemas)="false" (previous value: "true") at C:\Program Files\Microsoft Visual Studio\2022\Community\MSBuild\Microsoft\VisualStudio\Managed\Microsoft.Managed.DesignTime.targets (15,5)
C:\Program Files\Microsoft Visual Studio\2022\Community\MSBuild\Microsoft\VisualStudio\Managed\Microsoft.Managed.DesignTime.targets(501,5): message : Property reassignment: $(CollectUpToDateCheckInputDesignTimeDependsOn)="CompileDesignTime;ResolveCodeAnalysisRuleSet" (previous value: "CompileDesignTime") at C:\Program Files\Microsoft Visual Studio\2022\Community\MSBuild\Microsoft\VisualStudio\Managed\Microsoft.Managed.DesignTime.targets (501,5)
Search paths being used for $(MSBuildExtensionsPath) are C:\Program Files\Microsoft Visual Studio\2022\Community\MSBuild;$(MSBuildProgramFiles32)\MSBuild
Search paths being used for $(MSBuildExtensionsPath) are C:\Program Files\Microsoft Visual Studio\2022\Community\MSBuild;$(MSBuildProgramFiles32)\MSBuild
Trying to import C:\Program Files\Microsoft Visual Studio\2022\Community\MSBuild\$(MSBuildToolsVersion)\Microsoft.Common.targets\ImportBefore\* using extensions path C:\Program Files\Microsoft Visual Studio\2022\Community\MSBuild
Search paths being used for $(MSBuildExtensionsPath) are C:\Program Files\Microsoft Visual Studio\2022\Community\MSBuild;$(MSBuildProgramFiles32)\MSBuild
C:\Program Files\Microsoft Visual Studio\2022\Community\MSBuild\Current\Bin\Microsoft.NETFramework.CurrentVersion.props(117,5): message : Property reassignment: $(AvailablePlatforms)="Any CPU,x86,x64,ARM64" (previous value: "Any CPU,x86,x64") at C:\Program Files\Microsoft Visual Studio\2022\Community\MSBuild\Current\Bin\Microsoft.NETFramework.CurrentVersion.props (117,5)
Search paths being used for $(MSBuildExtensionsPath) are C:\Program Files\Microsoft Visual Studio\2022\Community\MSBuild;$(MSBuildProgramFiles32)\MSBuild
Assembly loaded during Evaluation: Microsoft.Build.Utilities.Core, Version=15.1.0.0, Culture=neutral, PublicKeyToken=b03f5f7f11d50a3a (location: C:\Program Files\Microsoft Visual Studio\2022\Community\MSBuild\Current\Bin\Microsoft.Build.Utilities.Core.dll, MVID: 7b9a162a-4060-4b2d-88ae-9c6820066e98, AppDomain: [Default])
The "Configuration" property is a global property, and cannot be modified.
C:\Program Files\Microsoft Visual Studio\2022\Community\MSBuild\Current\Bin\Microsoft.Common.CurrentVersion.targets(175,5): message : Property reassignment: $(_DebugSymbolsProduced)="true" (previous value: "false") at C:\Program Files\Microsoft Visual Studio\2022\Community\MSBuild\Current\Bin\Microsoft.Common.CurrentVersion.targets (175,5)
C:\Program Files\Microsoft Visual Studio\2022\Community\MSBuild\Current\Bin\Microsoft.Common.CurrentVersion.targets(185,5): message : Property reassignment: $(_DocumentationFileProduced)="false" (previous value: "true") at C:\Program Files\Microsoft Visual Studio\2022\Community\MSBuild\Current\Bin\Microsoft.Common.CurrentVersion.targets (185,5)
C:\Program Files\Microsoft Visual Studio\2022\Community\MSBuild\Current\Bin\Microsoft.Common.CurrentVersion.targets(393,5): message : Property reassignment: $(MSBuildCopyMarkerName)="POS_System.csproj.Up2Date" (previous value: "POS_System.csproj") at C:\Program Files\Microsoft Visual Studio\2022\Community\MSBuild\Current\Bin\Microsoft.Common.CurrentVersion.targets (393,5)
C:\Program Files\Microsoft Visual Studio\2022\Community\MSBuild\Current\Bin\Microsoft.Common.CurrentVersion.targets(527,5): message : Property reassignment: $(ProcessorArchitecture)="msil" (previous value: "AnyCPU") at C:\Program Files\Microsoft Visual Studio\2022\Community\MSBuild\Current\Bin\Microsoft.Common.CurrentVersion.targets (527,5)
C:\Program Files\Microsoft Visual Studio\2022\Community\MSBuild\Current\Bin\Microsoft.Common.CurrentVersion.targets(580,5): message : Property reassignment: $(DelaySign)="" (previous value: "false") at C:\Program Files\Microsoft Visual Studio\2022\Community\MSBuild\Current\Bin\Microsoft.Common.CurrentVersion.targets (580,5)
C:\Program Files\Microsoft Visual Studio\2022\Community\MSBuild\Current\Bin\Microsoft.Common.CurrentVersion.targets(649,5): message : Property reassignment: $(AssemblySearchPaths)="{CandidateAssemblyFiles};" (previous value: "{CandidateAssemblyFiles}") at C:\Program Files\Microsoft Visual Studio\2022\Community\MSBuild\Current\Bin\Microsoft.Common.CurrentVersion.targets (649,5)
C:\Program Files\Microsoft Visual Studio\2022\Community\MSBuild\Current\Bin\Microsoft.Common.CurrentVersion.targets(650,5): message : Property reassignment: $(AssemblySearchPaths)="{CandidateAssemblyFiles};;{HintPathFromItem}" (previous value: "{CandidateAssemblyFiles};") at C:\Program Files\Microsoft Visual Studio\2022\Community\MSBuild\Current\Bin\Microsoft.Common.CurrentVersion.targets (650,5)
C:\Program Files\Microsoft Visual Studio\2022\Community\MSBuild\Current\Bin\Microsoft.Common.CurrentVersion.targets(651,5): message : Property reassignment: $(AssemblySearchPaths)="{CandidateAssemblyFiles};;{HintPathFromItem};{TargetFrameworkDirectory}" (previous value: "{CandidateAssemblyFiles};;{HintPathFromItem}") at C:\Program Files\Microsoft Visual Studio\2022\Community\MSBuild\Current\Bin\Microsoft.Common.CurrentVersion.targets (651,5)
C:\Program Files\Microsoft Visual Studio\2022\Community\MSBuild\Current\Bin\Microsoft.Common.CurrentVersion.targets(652,5): message : Property reassignment: $(AssemblySearchPaths)="{CandidateAssemblyFiles};;{HintPathFromItem};{TargetFrameworkDirectory};{AssemblyFoldersFromConfig:C:\Program Files\Microsoft Visual Studio\2022\Community\MSBuild\Current\Bin\AssemblyFolders.config,v4.7.2};" (previous value: "{CandidateAssemblyFiles};;{HintPathFromItem};{TargetFrameworkDirectory}") at C:\Program Files\Microsoft Visual Studio\2022\Community\MSBuild\Current\Bin\Microsoft.Common.CurrentVersion.targets (652,5)
C:\Program Files\Microsoft Visual Studio\2022\Community\MSBuild\Current\Bin\Microsoft.Common.CurrentVersion.targets(653,5): message : Property reassignment: $(AssemblySearchPaths)="{CandidateAssemblyFiles};;{HintPathFromItem};{TargetFrameworkDirectory};{AssemblyFoldersFromConfig:C:\Program Files\Microsoft Visual Studio\2022\Community\MSBuild\Current\Bin\AssemblyFolders.config,v4.7.2};;{Registry:Software\Microsoft\.NETFramework,v4.7.2,AssemblyFoldersEx}" (previous value: "{CandidateAssemblyFiles};;{HintPathFromItem};{TargetFrameworkDirectory};{AssemblyFoldersFromConfig:C:\Program Files\Microsoft Visual Studio\2022\Community\MSBuild\Current\Bin\AssemblyFolders.config,v4.7.2};") at C:\Program Files\Microsoft Visual Studio\2022\Community\MSBuild\Current\Bin\Microsoft.Common.CurrentVersion.targets (653,5)
C:\Program Files\Microsoft Visual Studio\2022\Community\MSBuild\Current\Bin\Microsoft.Common.CurrentVersion.targets(654,5): message : Property reassignment: $(AssemblySearchPaths)="{CandidateAssemblyFiles};;{HintPathFromItem};{TargetFrameworkDirectory};{AssemblyFoldersFromConfig:C:\Program Files\Microsoft Visual Studio\2022\Community\MSBuild\Current\Bin\AssemblyFolders.config,v4.7.2};;{Registry:Software\Microsoft\.NETFramework,v4.7.2,AssemblyFoldersEx};{AssemblyFolders}" (previous value: "{CandidateAssemblyFiles};;{HintPathFromItem};{TargetFrameworkDirectory};{AssemblyFoldersFromConfig:C:\Program Files\Microsoft Visual Studio\2022\Community\MSBuild\Current\Bin\AssemblyFolders.config,v4.7.2};;{Registry:Software\Microsoft\.NETFramework,v4.7.2,AssemblyFoldersEx}") at C:\Program Files\Microsoft Visual Studio\2022\Community\MSBuild\Current\Bin\Microsoft.Common.CurrentVersion.targets (654,5)
C:\Program Files\Microsoft Visual Studio\2022\Community\MSBuild\Current\Bin\Microsoft.Common.CurrentVersion.targets(655,5): message : Property reassignment: $(AssemblySearchPaths)="{CandidateAssemblyFiles};;{HintPathFromItem};{TargetFrameworkDirectory};{AssemblyFoldersFromConfig:C:\Program Files\Microsoft Visual Studio\2022\Community\MSBuild\Current\Bin\AssemblyFolders.config,v4.7.2};;{Registry:Software\Microsoft\.NETFramework,v4.7.2,AssemblyFoldersEx};{AssemblyFolders};{GAC}" (previous value: "{CandidateAssemblyFiles};;{HintPathFromItem};{TargetFrameworkDirectory};{AssemblyFoldersFromConfig:C:\Program Files\Microsoft Visual Studio\2022\Community\MSBuild\Current\Bin\AssemblyFolders.config,v4.7.2};;{Registry:Software\Microsoft\.NETFramework,v4.7.2,AssemblyFoldersEx};{AssemblyFolders}") at C:\Program Files\Microsoft Visual Studio\2022\Community\MSBuild\Current\Bin\Microsoft.Common.CurrentVersion.targets (655,5)
C:\Program Files\Microsoft Visual Studio\2022\Community\MSBuild\Current\Bin\Microsoft.Common.CurrentVersion.targets(656,5): message : Property reassignment: $(AssemblySearchPaths)="{CandidateAssemblyFiles};;{HintPathFromItem};{TargetFrameworkDirectory};{AssemblyFoldersFromConfig:C:\Program Files\Microsoft Visual Studio\2022\Community\MSBuild\Current\Bin\AssemblyFolders.config,v4.7.2};;{Registry:Software\Microsoft\.NETFramework,v4.7.2,AssemblyFoldersEx};{AssemblyFolders};{GAC};{RawFileName}" (previous value: "{CandidateAssemblyFiles};;{HintPathFromItem};{TargetFrameworkDirectory};{AssemblyFoldersFromConfig:C:\Program Files\Microsoft Visual Studio\2022\Community\MSBuild\Current\Bin\AssemblyFolders.config,v4.7.2};;{Registry:Software\Microsoft\.NETFramework,v4.7.2,AssemblyFoldersEx};{AssemblyFolders};{GAC}") at C:\Program Files\Microsoft Visual Studio\2022\Community\MSBuild\Current\Bin\Microsoft.Common.CurrentVersion.targets (656,5)
C:\Program Files\Microsoft Visual Studio\2022\Community\MSBuild\Current\Bin\Microsoft.Common.CurrentVersion.targets(657,5): message : Property reassignment: $(AssemblySearchPaths)="{CandidateAssemblyFiles};;{HintPathFromItem};{TargetFrameworkDirectory};{AssemblyFoldersFromConfig:C:\Program Files\Microsoft Visual Studio\2022\Community\MSBuild\Current\Bin\AssemblyFolders.config,v4.7.2};;{Registry:Software\Microsoft\.NETFramework,v4.7.2,AssemblyFoldersEx};{AssemblyFolders};{GAC};{RawFileName};bin\Debug\" (previous value: "{CandidateAssemblyFiles};;{HintPathFromItem};{TargetFrameworkDirectory};{AssemblyFoldersFromConfig:C:\Program Files\Microsoft Visual Studio\2022\Community\MSBuild\Current\Bin\AssemblyFolders.config,v4.7.2};;{Registry:Software\Microsoft\.NETFramework,v4.7.2,AssemblyFoldersEx};{AssemblyFolders};{GAC};{RawFileName}") at C:\Program Files\Microsoft Visual Studio\2022\Community\MSBuild\Current\Bin\Microsoft.Common.CurrentVersion.targets (657,5)
C:\Program Files\Microsoft Visual Studio\2022\Community\MSBuild\Current\Bin\Microsoft.Common.CurrentVersion.targets(2619,5): message : Property 'LOCALAPPDATA' with value 'C:\Users\johna\AppData\Local' expanded from the environment.
C:\Program Files\Microsoft Visual Studio\2022\Community\MSBuild\Current\Bin\Microsoft.Common.CurrentVersion.targets(3947,5): message : Property reassignment: $(_SGenGenerateSerializationAssembliesConfig)="Auto" (previous value: "") at C:\Program Files\Microsoft Visual Studio\2022\Community\MSBuild\Current\Bin\Microsoft.Common.CurrentVersion.targets (3947,5)
C:\Program Files\Microsoft Visual Studio\2022\Community\MSBuild\Current\Bin\Microsoft.Common.CurrentVersion.targets(3948,5): message : Property reassignment: $(_SGenGenerateSerializationAssembliesConfig)="Off" (previous value: "Auto") at C:\Program Files\Microsoft Visual Studio\2022\Community\MSBuild\Current\Bin\Microsoft.Common.CurrentVersion.targets (3948,5)
C:\Program Files\Microsoft Visual Studio\2022\Community\MSBuild\Current\Bin\Microsoft.Common.CurrentVersion.targets(5159,5): message : Property reassignment: $(_TargetsThatPrepareProjectReferences)="
C:\Program Files\Microsoft Visual Studio\2022\Community\MSBuild\Current\Bin\Microsoft.Common.CurrentVersion.targets(5159,5): message :       AssignProjectConfiguration;
C:\Program Files\Microsoft Visual Studio\2022\Community\MSBuild\Current\Bin\Microsoft.Common.CurrentVersion.targets(5159,5): message :       _SplitProjectReferencesByFileExistence
C:\Program Files\Microsoft Visual Studio\2022\Community\MSBuild\Current\Bin\Microsoft.Common.CurrentVersion.targets(5159,5): message :     " (previous value: "_SplitProjectReferencesByFileExistence") at C:\Program Files\Microsoft Visual Studio\2022\Community\MSBuild\Current\Bin\Microsoft.Common.CurrentVersion.targets (5159,5)
C:\Program Files\Microsoft Visual Studio\2022\Community\MSBuild\Microsoft\VisualStudio\v17.0\CodeAnalysis\Microsoft.CodeAnalysis.targets(125,5): message : Property reassignment: $(_CodeAnalysisTreatWarningsAsErrors)="false" (previous value: "") at C:\Program Files\Microsoft Visual Studio\2022\Community\MSBuild\Microsoft\VisualStudio\v17.0\CodeAnalysis\Microsoft.CodeAnalysis.targets (125,5)
C:\Program Files\Microsoft Visual Studio\2022\Community\MSBuild\Microsoft\VisualStudio\v17.0\CodeAnalysis\Microsoft.CodeAnalysis.targets(167,9): message : Property reassignment: $(PrepareForRunDependsOn)="
C:\Program Files\Microsoft Visual Studio\2022\Community\MSBuild\Microsoft\VisualStudio\v17.0\CodeAnalysis\Microsoft.CodeAnalysis.targets(167,9): message :       CopyFilesToOutputDirectory
C:\Program Files\Microsoft Visual Studio\2022\Community\MSBuild\Microsoft\VisualStudio\v17.0\CodeAnalysis\Microsoft.CodeAnalysis.targets(167,9): message :     ;RunCodeAnalysis" (previous value: "
C:\Program Files\Microsoft Visual Studio\2022\Community\MSBuild\Microsoft\VisualStudio\v17.0\CodeAnalysis\Microsoft.CodeAnalysis.targets(167,9): message :       CopyFilesToOutputDirectory
C:\Program Files\Microsoft Visual Studio\2022\Community\MSBuild\Microsoft\VisualStudio\v17.0\CodeAnalysis\Microsoft.CodeAnalysis.targets(167,9): message :     ") at C:\Program Files\Microsoft Visual Studio\2022\Community\MSBuild\Microsoft\VisualStudio\v17.0\CodeAnalysis\Microsoft.CodeAnalysis.targets (167,9)
Search paths being used for $(MSBuildExtensionsPath) are C:\Program Files\Microsoft Visual Studio\2022\Community\MSBuild;$(MSBuildProgramFiles32)\MSBuild
C:\Program Files\Microsoft Visual Studio\2022\Community\MSBuild\Current\Bin\Microsoft.NETFramework.CurrentVersion.targets(74,5): message : Property reassignment: $(ResolveReferencesDependsOn)="
C:\Program Files\Microsoft Visual Studio\2022\Community\MSBuild\Current\Bin\Microsoft.NETFramework.CurrentVersion.targets(74,5): message :       
C:\Program Files\Microsoft Visual Studio\2022\Community\MSBuild\Current\Bin\Microsoft.NETFramework.CurrentVersion.targets(74,5): message :       BeforeResolveReferences;
C:\Program Files\Microsoft Visual Studio\2022\Community\MSBuild\Current\Bin\Microsoft.NETFramework.CurrentVersion.targets(74,5): message :       AssignProjectConfiguration;
C:\Program Files\Microsoft Visual Studio\2022\Community\MSBuild\Current\Bin\Microsoft.NETFramework.CurrentVersion.targets(74,5): message :       ResolveProjectReferences;
C:\Program Files\Microsoft Visual Studio\2022\Community\MSBuild\Current\Bin\Microsoft.NETFramework.CurrentVersion.targets(74,5): message :       FindInvalidProjectReferences;
C:\Program Files\Microsoft Visual Studio\2022\Community\MSBuild\Current\Bin\Microsoft.NETFramework.CurrentVersion.targets(74,5): message :       ResolveNativeReferences;
C:\Program Files\Microsoft Visual Studio\2022\Community\MSBuild\Current\Bin\Microsoft.NETFramework.CurrentVersion.targets(74,5): message :       ResolveAssemblyReferences;
C:\Program Files\Microsoft Visual Studio\2022\Community\MSBuild\Current\Bin\Microsoft.NETFramework.CurrentVersion.targets(74,5): message :       GenerateBindingRedirects;
C:\Program Files\Microsoft Visual Studio\2022\Community\MSBuild\Current\Bin\Microsoft.NETFramework.CurrentVersion.targets(74,5): message :       GenerateBindingRedirectsUpdateAppConfig;
C:\Program Files\Microsoft Visual Studio\2022\Community\MSBuild\Current\Bin\Microsoft.NETFramework.CurrentVersion.targets(74,5): message :       ResolveComReferences;
C:\Program Files\Microsoft Visual Studio\2022\Community\MSBuild\Current\Bin\Microsoft.NETFramework.CurrentVersion.targets(74,5): message :       AfterResolveReferences
C:\Program Files\Microsoft Visual Studio\2022\Community\MSBuild\Current\Bin\Microsoft.NETFramework.CurrentVersion.targets(74,5): message :     ;
C:\Program Files\Microsoft Visual Studio\2022\Community\MSBuild\Current\Bin\Microsoft.NETFramework.CurrentVersion.targets(74,5): message :       ImplicitlyExpandDesignTimeFacades
C:\Program Files\Microsoft Visual Studio\2022\Community\MSBuild\Current\Bin\Microsoft.NETFramework.CurrentVersion.targets(74,5): message :     " (previous value: "
C:\Program Files\Microsoft Visual Studio\2022\Community\MSBuild\Current\Bin\Microsoft.NETFramework.CurrentVersion.targets(74,5): message :       BeforeResolveReferences;
C:\Program Files\Microsoft Visual Studio\2022\Community\MSBuild\Current\Bin\Microsoft.NETFramework.CurrentVersion.targets(74,5): message :       AssignProjectConfiguration;
C:\Program Files\Microsoft Visual Studio\2022\Community\MSBuild\Current\Bin\Microsoft.NETFramework.CurrentVersion.targets(74,5): message :       ResolveProjectReferences;
C:\Program Files\Microsoft Visual Studio\2022\Community\MSBuild\Current\Bin\Microsoft.NETFramework.CurrentVersion.targets(74,5): message :       FindInvalidProjectReferences;
C:\Program Files\Microsoft Visual Studio\2022\Community\MSBuild\Current\Bin\Microsoft.NETFramework.CurrentVersion.targets(74,5): message :       ResolveNativeReferences;
C:\Program Files\Microsoft Visual Studio\2022\Community\MSBuild\Current\Bin\Microsoft.NETFramework.CurrentVersion.targets(74,5): message :       ResolveAssemblyReferences;
C:\Program Files\Microsoft Visual Studio\2022\Community\MSBuild\Current\Bin\Microsoft.NETFramework.CurrentVersion.targets(74,5): message :       GenerateBindingRedirects;
C:\Program Files\Microsoft Visual Studio\2022\Community\MSBuild\Current\Bin\Microsoft.NETFramework.CurrentVersion.targets(74,5): message :       GenerateBindingRedirectsUpdateAppConfig;
C:\Program Files\Microsoft Visual Studio\2022\Community\MSBuild\Current\Bin\Microsoft.NETFramework.CurrentVersion.targets(74,5): message :       ResolveComReferences;
C:\Program Files\Microsoft Visual Studio\2022\Community\MSBuild\Current\Bin\Microsoft.NETFramework.CurrentVersion.targets(74,5): message :       AfterResolveReferences
C:\Program Files\Microsoft Visual Studio\2022\Community\MSBuild\Current\Bin\Microsoft.NETFramework.CurrentVersion.targets(74,5): message :     ") at C:\Program Files\Microsoft Visual Studio\2022\Community\MSBuild\Current\Bin\Microsoft.NETFramework.CurrentVersion.targets (74,5)
C:\WINDOWS\Microsoft.NET\Framework\v4.0.30319\Microsoft.WinFx.targets(97,7): message : Property reassignment: $(PrepareResourceNamesDependsOn)="
C:\WINDOWS\Microsoft.NET\Framework\v4.0.30319\Microsoft.WinFx.targets(97,7): message :                     AssignWinFXEmbeddedResource;
C:\WINDOWS\Microsoft.NET\Framework\v4.0.30319\Microsoft.WinFx.targets(97,7): message :                     
C:\WINDOWS\Microsoft.NET\Framework\v4.0.30319\Microsoft.WinFx.targets(97,7): message :       AssignTargetPaths;
C:\WINDOWS\Microsoft.NET\Framework\v4.0.30319\Microsoft.WinFx.targets(97,7): message :       SplitResourcesByCulture;
C:\WINDOWS\Microsoft.NET\Framework\v4.0.30319\Microsoft.WinFx.targets(97,7): message :       CreateManifestResourceNames;
C:\WINDOWS\Microsoft.NET\Framework\v4.0.30319\Microsoft.WinFx.targets(97,7): message :       CreateCustomManifestResourceNames
C:\WINDOWS\Microsoft.NET\Framework\v4.0.30319\Microsoft.WinFx.targets(97,7): message :     
C:\WINDOWS\Microsoft.NET\Framework\v4.0.30319\Microsoft.WinFx.targets(97,7): message :       " (previous value: "
C:\WINDOWS\Microsoft.NET\Framework\v4.0.30319\Microsoft.WinFx.targets(97,7): message :       AssignTargetPaths;
C:\WINDOWS\Microsoft.NET\Framework\v4.0.30319\Microsoft.WinFx.targets(97,7): message :       SplitResourcesByCulture;
C:\WINDOWS\Microsoft.NET\Framework\v4.0.30319\Microsoft.WinFx.targets(97,7): message :       CreateManifestResourceNames;
C:\WINDOWS\Microsoft.NET\Framework\v4.0.30319\Microsoft.WinFx.targets(97,7): message :       CreateCustomManifestResourceNames
C:\WINDOWS\Microsoft.NET\Framework\v4.0.30319\Microsoft.WinFx.targets(97,7): message :     ") at C:\WINDOWS\Microsoft.NET\Framework\v4.0.30319\Microsoft.WinFx.targets (97,7)
C:\WINDOWS\Microsoft.NET\Framework\v4.0.30319\Microsoft.WinFx.targets(108,7): message : Property reassignment: $(PrepareResourcesDependsOn)="
C:\WINDOWS\Microsoft.NET\Framework\v4.0.30319\Microsoft.WinFx.targets(108,7): message :                 MarkupCompilePass1;
C:\WINDOWS\Microsoft.NET\Framework\v4.0.30319\Microsoft.WinFx.targets(108,7): message :                 AfterMarkupCompilePass1;
C:\WINDOWS\Microsoft.NET\Framework\v4.0.30319\Microsoft.WinFx.targets(108,7): message :                 MarkupCompilePass2ForMainAssembly;
C:\WINDOWS\Microsoft.NET\Framework\v4.0.30319\Microsoft.WinFx.targets(108,7): message :                 FileClassification;
C:\WINDOWS\Microsoft.NET\Framework\v4.0.30319\Microsoft.WinFx.targets(108,7): message :                 MainResourcesGeneration;
C:\WINDOWS\Microsoft.NET\Framework\v4.0.30319\Microsoft.WinFx.targets(108,7): message :                 
C:\WINDOWS\Microsoft.NET\Framework\v4.0.30319\Microsoft.WinFx.targets(108,7): message :       ;
C:\WINDOWS\Microsoft.NET\Framework\v4.0.30319\Microsoft.WinFx.targets(108,7): message :       PrepareResourceNames;
C:\WINDOWS\Microsoft.NET\Framework\v4.0.30319\Microsoft.WinFx.targets(108,7): message :       ResGen;
C:\WINDOWS\Microsoft.NET\Framework\v4.0.30319\Microsoft.WinFx.targets(108,7): message :       CompileLicxFiles
C:\WINDOWS\Microsoft.NET\Framework\v4.0.30319\Microsoft.WinFx.targets(108,7): message :     
C:\WINDOWS\Microsoft.NET\Framework\v4.0.30319\Microsoft.WinFx.targets(108,7): message :       " (previous value: "
C:\WINDOWS\Microsoft.NET\Framework\v4.0.30319\Microsoft.WinFx.targets(108,7): message :       ;
C:\WINDOWS\Microsoft.NET\Framework\v4.0.30319\Microsoft.WinFx.targets(108,7): message :       PrepareResourceNames;
C:\WINDOWS\Microsoft.NET\Framework\v4.0.30319\Microsoft.WinFx.targets(108,7): message :       ResGen;
C:\WINDOWS\Microsoft.NET\Framework\v4.0.30319\Microsoft.WinFx.targets(108,7): message :       CompileLicxFiles
C:\WINDOWS\Microsoft.NET\Framework\v4.0.30319\Microsoft.WinFx.targets(108,7): message :     ") at C:\WINDOWS\Microsoft.NET\Framework\v4.0.30319\Microsoft.WinFx.targets (108,7)
C:\WINDOWS\Microsoft.NET\Framework\v4.0.30319\Microsoft.WinFx.targets(184,5): message : Property reassignment: $(CompileDependsOn)="
C:\WINDOWS\Microsoft.NET\Framework\v4.0.30319\Microsoft.WinFx.targets(184,5): message :         
C:\WINDOWS\Microsoft.NET\Framework\v4.0.30319\Microsoft.WinFx.targets(184,5): message :       ResolveReferences;
C:\WINDOWS\Microsoft.NET\Framework\v4.0.30319\Microsoft.WinFx.targets(184,5): message :       ResolveKeySource;
C:\WINDOWS\Microsoft.NET\Framework\v4.0.30319\Microsoft.WinFx.targets(184,5): message :       SetWin32ManifestProperties;
C:\WINDOWS\Microsoft.NET\Framework\v4.0.30319\Microsoft.WinFx.targets(184,5): message :       _SetPreferNativeArm64Win32ManifestProperties;
C:\WINDOWS\Microsoft.NET\Framework\v4.0.30319\Microsoft.WinFx.targets(184,5): message :       FindReferenceAssembliesForReferences;
C:\WINDOWS\Microsoft.NET\Framework\v4.0.30319\Microsoft.WinFx.targets(184,5): message :       _GenerateCompileInputs;
C:\WINDOWS\Microsoft.NET\Framework\v4.0.30319\Microsoft.WinFx.targets(184,5): message :       BeforeCompile;
C:\WINDOWS\Microsoft.NET\Framework\v4.0.30319\Microsoft.WinFx.targets(184,5): message :       _TimeStampBeforeCompile;
C:\WINDOWS\Microsoft.NET\Framework\v4.0.30319\Microsoft.WinFx.targets(184,5): message :       _GenerateCompileDependencyCache;
C:\WINDOWS\Microsoft.NET\Framework\v4.0.30319\Microsoft.WinFx.targets(184,5): message :       CoreCompile;
C:\WINDOWS\Microsoft.NET\Framework\v4.0.30319\Microsoft.WinFx.targets(184,5): message :       _TimeStampAfterCompile;
C:\WINDOWS\Microsoft.NET\Framework\v4.0.30319\Microsoft.WinFx.targets(184,5): message :       AfterCompile;
C:\WINDOWS\Microsoft.NET\Framework\v4.0.30319\Microsoft.WinFx.targets(184,5): message :     ;
C:\WINDOWS\Microsoft.NET\Framework\v4.0.30319\Microsoft.WinFx.targets(184,5): message :         _AfterCompileWinFXInternal
C:\WINDOWS\Microsoft.NET\Framework\v4.0.30319\Microsoft.WinFx.targets(184,5): message :     " (previous value: "
C:\WINDOWS\Microsoft.NET\Framework\v4.0.30319\Microsoft.WinFx.targets(184,5): message :       ResolveReferences;
C:\WINDOWS\Microsoft.NET\Framework\v4.0.30319\Microsoft.WinFx.targets(184,5): message :       ResolveKeySource;
C:\WINDOWS\Microsoft.NET\Framework\v4.0.30319\Microsoft.WinFx.targets(184,5): message :       SetWin32ManifestProperties;
C:\WINDOWS\Microsoft.NET\Framework\v4.0.30319\Microsoft.WinFx.targets(184,5): message :       _SetPreferNativeArm64Win32ManifestProperties;
C:\WINDOWS\Microsoft.NET\Framework\v4.0.30319\Microsoft.WinFx.targets(184,5): message :       FindReferenceAssembliesForReferences;
C:\WINDOWS\Microsoft.NET\Framework\v4.0.30319\Microsoft.WinFx.targets(184,5): message :       _GenerateCompileInputs;
C:\WINDOWS\Microsoft.NET\Framework\v4.0.30319\Microsoft.WinFx.targets(184,5): message :       BeforeCompile;
C:\WINDOWS\Microsoft.NET\Framework\v4.0.30319\Microsoft.WinFx.targets(184,5): message :       _TimeStampBeforeCompile;
C:\WINDOWS\Microsoft.NET\Framework\v4.0.30319\Microsoft.WinFx.targets(184,5): message :       _GenerateCompileDependencyCache;
C:\WINDOWS\Microsoft.NET\Framework\v4.0.30319\Microsoft.WinFx.targets(184,5): message :       CoreCompile;
C:\WINDOWS\Microsoft.NET\Framework\v4.0.30319\Microsoft.WinFx.targets(184,5): message :       _TimeStampAfterCompile;
C:\WINDOWS\Microsoft.NET\Framework\v4.0.30319\Microsoft.WinFx.targets(184,5): message :       AfterCompile;
C:\WINDOWS\Microsoft.NET\Framework\v4.0.30319\Microsoft.WinFx.targets(184,5): message :     ") at C:\WINDOWS\Microsoft.NET\Framework\v4.0.30319\Microsoft.WinFx.targets (184,5)
C:\WINDOWS\Microsoft.NET\Framework\v4.0.30319\Microsoft.WinFx.targets(813,9): message : Property reassignment: $(PublishBuildDependsOn)="
C:\WINDOWS\Microsoft.NET\Framework\v4.0.30319\Microsoft.WinFx.targets(813,9): message :             BuildOnlySettings;
C:\WINDOWS\Microsoft.NET\Framework\v4.0.30319\Microsoft.WinFx.targets(813,9): message :             PrepareForBuild;
C:\WINDOWS\Microsoft.NET\Framework\v4.0.30319\Microsoft.WinFx.targets(813,9): message :             ResolveReferences;
C:\WINDOWS\Microsoft.NET\Framework\v4.0.30319\Microsoft.WinFx.targets(813,9): message :             PrepareResources;
C:\WINDOWS\Microsoft.NET\Framework\v4.0.30319\Microsoft.WinFx.targets(813,9): message :             ResolveKeySource;
C:\WINDOWS\Microsoft.NET\Framework\v4.0.30319\Microsoft.WinFx.targets(813,9): message :             PrepareResourcesForSatelliteAssemblies;
C:\WINDOWS\Microsoft.NET\Framework\v4.0.30319\Microsoft.WinFx.targets(813,9): message :             GenerateSerializationAssemblies;
C:\WINDOWS\Microsoft.NET\Framework\v4.0.30319\Microsoft.WinFx.targets(813,9): message :             CreateSatelliteAssemblies;
C:\WINDOWS\Microsoft.NET\Framework\v4.0.30319\Microsoft.WinFx.targets(813,9): message :         " (previous value: "
C:\WINDOWS\Microsoft.NET\Framework\v4.0.30319\Microsoft.WinFx.targets(813,9): message :       BuildOnlySettings;
C:\WINDOWS\Microsoft.NET\Framework\v4.0.30319\Microsoft.WinFx.targets(813,9): message :       PrepareForBuild;
C:\WINDOWS\Microsoft.NET\Framework\v4.0.30319\Microsoft.WinFx.targets(813,9): message :       ResolveReferences;
C:\WINDOWS\Microsoft.NET\Framework\v4.0.30319\Microsoft.WinFx.targets(813,9): message :       PrepareResources;
C:\WINDOWS\Microsoft.NET\Framework\v4.0.30319\Microsoft.WinFx.targets(813,9): message :       ResolveKeySource;
C:\WINDOWS\Microsoft.NET\Framework\v4.0.30319\Microsoft.WinFx.targets(813,9): message :       GenerateSerializationAssemblies;
C:\WINDOWS\Microsoft.NET\Framework\v4.0.30319\Microsoft.WinFx.targets(813,9): message :       CreateSatelliteAssemblies;
C:\WINDOWS\Microsoft.NET\Framework\v4.0.30319\Microsoft.WinFx.targets(813,9): message :     ") at C:\WINDOWS\Microsoft.NET\Framework\v4.0.30319\Microsoft.WinFx.targets (813,9)
C:\WINDOWS\Microsoft.NET\Framework\v4.0.30319\Microsoft.Data.Entity.targets(35,5): message : Property reassignment: $(BuildDependsOn)="
C:\WINDOWS\Microsoft.NET\Framework\v4.0.30319\Microsoft.Data.Entity.targets(35,5): message :       EntityDeploy;
C:\WINDOWS\Microsoft.NET\Framework\v4.0.30319\Microsoft.Data.Entity.targets(35,5): message :       
C:\WINDOWS\Microsoft.NET\Framework\v4.0.30319\Microsoft.Data.Entity.targets(35,5): message :       BeforeBuild;
C:\WINDOWS\Microsoft.NET\Framework\v4.0.30319\Microsoft.Data.Entity.targets(35,5): message :       CoreBuild;
C:\WINDOWS\Microsoft.NET\Framework\v4.0.30319\Microsoft.Data.Entity.targets(35,5): message :       AfterBuild
C:\WINDOWS\Microsoft.NET\Framework\v4.0.30319\Microsoft.Data.Entity.targets(35,5): message :     
C:\WINDOWS\Microsoft.NET\Framework\v4.0.30319\Microsoft.Data.Entity.targets(35,5): message :     " (previous value: "
C:\WINDOWS\Microsoft.NET\Framework\v4.0.30319\Microsoft.Data.Entity.targets(35,5): message :       BeforeBuild;
C:\WINDOWS\Microsoft.NET\Framework\v4.0.30319\Microsoft.Data.Entity.targets(35,5): message :       CoreBuild;
C:\WINDOWS\Microsoft.NET\Framework\v4.0.30319\Microsoft.Data.Entity.targets(35,5): message :       AfterBuild
C:\WINDOWS\Microsoft.NET\Framework\v4.0.30319\Microsoft.Data.Entity.targets(35,5): message :     ") at C:\WINDOWS\Microsoft.NET\Framework\v4.0.30319\Microsoft.Data.Entity.targets (35,5)
C:\WINDOWS\Microsoft.NET\Framework\v4.0.30319\Microsoft.Data.Entity.targets(42,5): message : Property reassignment: $(CleanDependsOn)="
C:\WINDOWS\Microsoft.NET\Framework\v4.0.30319\Microsoft.Data.Entity.targets(42,5): message :       
C:\WINDOWS\Microsoft.NET\Framework\v4.0.30319\Microsoft.Data.Entity.targets(42,5): message :       BeforeClean;
C:\WINDOWS\Microsoft.NET\Framework\v4.0.30319\Microsoft.Data.Entity.targets(42,5): message :       UnmanagedUnregistration;
C:\WINDOWS\Microsoft.NET\Framework\v4.0.30319\Microsoft.Data.Entity.targets(42,5): message :       CoreClean;
C:\WINDOWS\Microsoft.NET\Framework\v4.0.30319\Microsoft.Data.Entity.targets(42,5): message :       CleanReferencedProjects;
C:\WINDOWS\Microsoft.NET\Framework\v4.0.30319\Microsoft.Data.Entity.targets(42,5): message :       CleanPublishFolder;
C:\WINDOWS\Microsoft.NET\Framework\v4.0.30319\Microsoft.Data.Entity.targets(42,5): message :       AfterClean
C:\WINDOWS\Microsoft.NET\Framework\v4.0.30319\Microsoft.Data.Entity.targets(42,5): message :     ;
C:\WINDOWS\Microsoft.NET\Framework\v4.0.30319\Microsoft.Data.Entity.targets(42,5): message :       EntityClean;
C:\WINDOWS\Microsoft.NET\Framework\v4.0.30319\Microsoft.Data.Entity.targets(42,5): message :     " (previous value: "
C:\WINDOWS\Microsoft.NET\Framework\v4.0.30319\Microsoft.Data.Entity.targets(42,5): message :       BeforeClean;
C:\WINDOWS\Microsoft.NET\Framework\v4.0.30319\Microsoft.Data.Entity.targets(42,5): message :       UnmanagedUnregistration;
C:\WINDOWS\Microsoft.NET\Framework\v4.0.30319\Microsoft.Data.Entity.targets(42,5): message :       CoreClean;
C:\WINDOWS\Microsoft.NET\Framework\v4.0.30319\Microsoft.Data.Entity.targets(42,5): message :       CleanReferencedProjects;
C:\WINDOWS\Microsoft.NET\Framework\v4.0.30319\Microsoft.Data.Entity.targets(42,5): message :       CleanPublishFolder;
C:\WINDOWS\Microsoft.NET\Framework\v4.0.30319\Microsoft.Data.Entity.targets(42,5): message :       AfterClean
C:\WINDOWS\Microsoft.NET\Framework\v4.0.30319\Microsoft.Data.Entity.targets(42,5): message :     ") at C:\WINDOWS\Microsoft.NET\Framework\v4.0.30319\Microsoft.Data.Entity.targets (42,5)
Search paths being used for $(MSBuildExtensionsPath) are C:\Program Files\Microsoft Visual Studio\2022\Community\MSBuild;$(MSBuildProgramFiles32)\MSBuild
C:\WINDOWS\Microsoft.NET\Framework\v4.0.30319\Microsoft.Xaml.targets(35,5): message : Property reassignment: $(PrepareResourcesDependsOn)="
C:\WINDOWS\Microsoft.NET\Framework\v4.0.30319\Microsoft.Xaml.targets(35,5): message :       XamlMarkupCompilePass1;
C:\WINDOWS\Microsoft.NET\Framework\v4.0.30319\Microsoft.Xaml.targets(35,5): message :       XamlMarkupCompilePass2;
C:\WINDOWS\Microsoft.NET\Framework\v4.0.30319\Microsoft.Xaml.targets(35,5): message :       
C:\WINDOWS\Microsoft.NET\Framework\v4.0.30319\Microsoft.Xaml.targets(35,5): message :                 MarkupCompilePass1;
C:\WINDOWS\Microsoft.NET\Framework\v4.0.30319\Microsoft.Xaml.targets(35,5): message :                 AfterMarkupCompilePass1;
C:\WINDOWS\Microsoft.NET\Framework\v4.0.30319\Microsoft.Xaml.targets(35,5): message :                 MarkupCompilePass2ForMainAssembly;
C:\WINDOWS\Microsoft.NET\Framework\v4.0.30319\Microsoft.Xaml.targets(35,5): message :                 FileClassification;
C:\WINDOWS\Microsoft.NET\Framework\v4.0.30319\Microsoft.Xaml.targets(35,5): message :                 MainResourcesGeneration;
C:\WINDOWS\Microsoft.NET\Framework\v4.0.30319\Microsoft.Xaml.targets(35,5): message :                 
C:\WINDOWS\Microsoft.NET\Framework\v4.0.30319\Microsoft.Xaml.targets(35,5): message :       ;
C:\WINDOWS\Microsoft.NET\Framework\v4.0.30319\Microsoft.Xaml.targets(35,5): message :       PrepareResourceNames;
C:\WINDOWS\Microsoft.NET\Framework\v4.0.30319\Microsoft.Xaml.targets(35,5): message :       ResGen;
C:\WINDOWS\Microsoft.NET\Framework\v4.0.30319\Microsoft.Xaml.targets(35,5): message :       CompileLicxFiles
C:\WINDOWS\Microsoft.NET\Framework\v4.0.30319\Microsoft.Xaml.targets(35,5): message :     
C:\WINDOWS\Microsoft.NET\Framework\v4.0.30319\Microsoft.Xaml.targets(35,5): message :        
C:\WINDOWS\Microsoft.NET\Framework\v4.0.30319\Microsoft.Xaml.targets(35,5): message :     " (previous value: "
C:\WINDOWS\Microsoft.NET\Framework\v4.0.30319\Microsoft.Xaml.targets(35,5): message :                 MarkupCompilePass1;
C:\WINDOWS\Microsoft.NET\Framework\v4.0.30319\Microsoft.Xaml.targets(35,5): message :                 AfterMarkupCompilePass1;
C:\WINDOWS\Microsoft.NET\Framework\v4.0.30319\Microsoft.Xaml.targets(35,5): message :                 MarkupCompilePass2ForMainAssembly;
C:\WINDOWS\Microsoft.NET\Framework\v4.0.30319\Microsoft.Xaml.targets(35,5): message :                 FileClassification;
C:\WINDOWS\Microsoft.NET\Framework\v4.0.30319\Microsoft.Xaml.targets(35,5): message :                 MainResourcesGeneration;
C:\WINDOWS\Microsoft.NET\Framework\v4.0.30319\Microsoft.Xaml.targets(35,5): message :                 
C:\WINDOWS\Microsoft.NET\Framework\v4.0.30319\Microsoft.Xaml.targets(35,5): message :       ;
C:\WINDOWS\Microsoft.NET\Framework\v4.0.30319\Microsoft.Xaml.targets(35,5): message :       PrepareResourceNames;
C:\WINDOWS\Microsoft.NET\Framework\v4.0.30319\Microsoft.Xaml.targets(35,5): message :       ResGen;
C:\WINDOWS\Microsoft.NET\Framework\v4.0.30319\Microsoft.Xaml.targets(35,5): message :       CompileLicxFiles
C:\WINDOWS\Microsoft.NET\Framework\v4.0.30319\Microsoft.Xaml.targets(35,5): message :     
C:\WINDOWS\Microsoft.NET\Framework\v4.0.30319\Microsoft.Xaml.targets(35,5): message :       ") at C:\WINDOWS\Microsoft.NET\Framework\v4.0.30319\Microsoft.Xaml.targets (35,5)
C:\WINDOWS\Microsoft.NET\Framework\v4.0.30319\Microsoft.WorkflowBuildExtensions.targets(16,5): message : Property reassignment: $(PrepareResourcesDependsOn)="
C:\WINDOWS\Microsoft.NET\Framework\v4.0.30319\Microsoft.WorkflowBuildExtensions.targets(16,5): message :       ValidationExtension;
C:\WINDOWS\Microsoft.NET\Framework\v4.0.30319\Microsoft.WorkflowBuildExtensions.targets(16,5): message :       ExpressionBuildExtension;
C:\WINDOWS\Microsoft.NET\Framework\v4.0.30319\Microsoft.WorkflowBuildExtensions.targets(16,5): message :       
C:\WINDOWS\Microsoft.NET\Framework\v4.0.30319\Microsoft.WorkflowBuildExtensions.targets(16,5): message :       XamlMarkupCompilePass1;
C:\WINDOWS\Microsoft.NET\Framework\v4.0.30319\Microsoft.WorkflowBuildExtensions.targets(16,5): message :       XamlMarkupCompilePass2;
C:\WINDOWS\Microsoft.NET\Framework\v4.0.30319\Microsoft.WorkflowBuildExtensions.targets(16,5): message :       
C:\WINDOWS\Microsoft.NET\Framework\v4.0.30319\Microsoft.WorkflowBuildExtensions.targets(16,5): message :                 MarkupCompilePass1;
C:\WINDOWS\Microsoft.NET\Framework\v4.0.30319\Microsoft.WorkflowBuildExtensions.targets(16,5): message :                 AfterMarkupCompilePass1;
C:\WINDOWS\Microsoft.NET\Framework\v4.0.30319\Microsoft.WorkflowBuildExtensions.targets(16,5): message :                 MarkupCompilePass2ForMainAssembly;
C:\WINDOWS\Microsoft.NET\Framework\v4.0.30319\Microsoft.WorkflowBuildExtensions.targets(16,5): message :                 FileClassification;
C:\WINDOWS\Microsoft.NET\Framework\v4.0.30319\Microsoft.WorkflowBuildExtensions.targets(16,5): message :                 MainResourcesGeneration;
C:\WINDOWS\Microsoft.NET\Framework\v4.0.30319\Microsoft.WorkflowBuildExtensions.targets(16,5): message :                 
C:\WINDOWS\Microsoft.NET\Framework\v4.0.30319\Microsoft.WorkflowBuildExtensions.targets(16,5): message :       ;
C:\WINDOWS\Microsoft.NET\Framework\v4.0.30319\Microsoft.WorkflowBuildExtensions.targets(16,5): message :       PrepareResourceNames;
C:\WINDOWS\Microsoft.NET\Framework\v4.0.30319\Microsoft.WorkflowBuildExtensions.targets(16,5): message :       ResGen;
C:\WINDOWS\Microsoft.NET\Framework\v4.0.30319\Microsoft.WorkflowBuildExtensions.targets(16,5): message :       CompileLicxFiles
C:\WINDOWS\Microsoft.NET\Framework\v4.0.30319\Microsoft.WorkflowBuildExtensions.targets(16,5): message :     
C:\WINDOWS\Microsoft.NET\Framework\v4.0.30319\Microsoft.WorkflowBuildExtensions.targets(16,5): message :        
C:\WINDOWS\Microsoft.NET\Framework\v4.0.30319\Microsoft.WorkflowBuildExtensions.targets(16,5): message :     
C:\WINDOWS\Microsoft.NET\Framework\v4.0.30319\Microsoft.WorkflowBuildExtensions.targets(16,5): message :     " (previous value: "
C:\WINDOWS\Microsoft.NET\Framework\v4.0.30319\Microsoft.WorkflowBuildExtensions.targets(16,5): message :       XamlMarkupCompilePass1;
C:\WINDOWS\Microsoft.NET\Framework\v4.0.30319\Microsoft.WorkflowBuildExtensions.targets(16,5): message :       XamlMarkupCompilePass2;
C:\WINDOWS\Microsoft.NET\Framework\v4.0.30319\Microsoft.WorkflowBuildExtensions.targets(16,5): message :       
C:\WINDOWS\Microsoft.NET\Framework\v4.0.30319\Microsoft.WorkflowBuildExtensions.targets(16,5): message :                 MarkupCompilePass1;
C:\WINDOWS\Microsoft.NET\Framework\v4.0.30319\Microsoft.WorkflowBuildExtensions.targets(16,5): message :                 AfterMarkupCompilePass1;
C:\WINDOWS\Microsoft.NET\Framework\v4.0.30319\Microsoft.WorkflowBuildExtensions.targets(16,5): message :                 MarkupCompilePass2ForMainAssembly;
C:\WINDOWS\Microsoft.NET\Framework\v4.0.30319\Microsoft.WorkflowBuildExtensions.targets(16,5): message :                 FileClassification;
C:\WINDOWS\Microsoft.NET\Framework\v4.0.30319\Microsoft.WorkflowBuildExtensions.targets(16,5): message :                 MainResourcesGeneration;
C:\WINDOWS\Microsoft.NET\Framework\v4.0.30319\Microsoft.WorkflowBuildExtensions.targets(16,5): message :                 
C:\WINDOWS\Microsoft.NET\Framework\v4.0.30319\Microsoft.WorkflowBuildExtensions.targets(16,5): message :       ;
C:\WINDOWS\Microsoft.NET\Framework\v4.0.30319\Microsoft.WorkflowBuildExtensions.targets(16,5): message :       PrepareResourceNames;
C:\WINDOWS\Microsoft.NET\Framework\v4.0.30319\Microsoft.WorkflowBuildExtensions.targets(16,5): message :       ResGen;
C:\WINDOWS\Microsoft.NET\Framework\v4.0.30319\Microsoft.WorkflowBuildExtensions.targets(16,5): message :       CompileLicxFiles
C:\WINDOWS\Microsoft.NET\Framework\v4.0.30319\Microsoft.WorkflowBuildExtensions.targets(16,5): message :     
C:\WINDOWS\Microsoft.NET\Framework\v4.0.30319\Microsoft.WorkflowBuildExtensions.targets(16,5): message :        
C:\WINDOWS\Microsoft.NET\Framework\v4.0.30319\Microsoft.WorkflowBuildExtensions.targets(16,5): message :     ") at C:\WINDOWS\Microsoft.NET\Framework\v4.0.30319\Microsoft.WorkflowBuildExtensions.targets (16,5)
C:\Program Files\Microsoft Visual Studio\2022\Community\MSBuild\Microsoft\VisualStudio\v17.0\TeamTest\Microsoft.TeamTest.targets(4,5): message : Property reassignment: $(ResolveReferencesDependsOn)="
C:\Program Files\Microsoft Visual Studio\2022\Community\MSBuild\Microsoft\VisualStudio\v17.0\TeamTest\Microsoft.TeamTest.targets(4,5): message :       
C:\Program Files\Microsoft Visual Studio\2022\Community\MSBuild\Microsoft\VisualStudio\v17.0\TeamTest\Microsoft.TeamTest.targets(4,5): message :       
C:\Program Files\Microsoft Visual Studio\2022\Community\MSBuild\Microsoft\VisualStudio\v17.0\TeamTest\Microsoft.TeamTest.targets(4,5): message :       BeforeResolveReferences;
C:\Program Files\Microsoft Visual Studio\2022\Community\MSBuild\Microsoft\VisualStudio\v17.0\TeamTest\Microsoft.TeamTest.targets(4,5): message :       AssignProjectConfiguration;
C:\Program Files\Microsoft Visual Studio\2022\Community\MSBuild\Microsoft\VisualStudio\v17.0\TeamTest\Microsoft.TeamTest.targets(4,5): message :       ResolveProjectReferences;
C:\Program Files\Microsoft Visual Studio\2022\Community\MSBuild\Microsoft\VisualStudio\v17.0\TeamTest\Microsoft.TeamTest.targets(4,5): message :       FindInvalidProjectReferences;
C:\Program Files\Microsoft Visual Studio\2022\Community\MSBuild\Microsoft\VisualStudio\v17.0\TeamTest\Microsoft.TeamTest.targets(4,5): message :       ResolveNativeReferences;
C:\Program Files\Microsoft Visual Studio\2022\Community\MSBuild\Microsoft\VisualStudio\v17.0\TeamTest\Microsoft.TeamTest.targets(4,5): message :       ResolveAssemblyReferences;
C:\Program Files\Microsoft Visual Studio\2022\Community\MSBuild\Microsoft\VisualStudio\v17.0\TeamTest\Microsoft.TeamTest.targets(4,5): message :       GenerateBindingRedirects;
C:\Program Files\Microsoft Visual Studio\2022\Community\MSBuild\Microsoft\VisualStudio\v17.0\TeamTest\Microsoft.TeamTest.targets(4,5): message :       GenerateBindingRedirectsUpdateAppConfig;
C:\Program Files\Microsoft Visual Studio\2022\Community\MSBuild\Microsoft\VisualStudio\v17.0\TeamTest\Microsoft.TeamTest.targets(4,5): message :       ResolveComReferences;
C:\Program Files\Microsoft Visual Studio\2022\Community\MSBuild\Microsoft\VisualStudio\v17.0\TeamTest\Microsoft.TeamTest.targets(4,5): message :       AfterResolveReferences
C:\Program Files\Microsoft Visual Studio\2022\Community\MSBuild\Microsoft\VisualStudio\v17.0\TeamTest\Microsoft.TeamTest.targets(4,5): message :     ;
C:\Program Files\Microsoft Visual Studio\2022\Community\MSBuild\Microsoft\VisualStudio\v17.0\TeamTest\Microsoft.TeamTest.targets(4,5): message :       ImplicitlyExpandDesignTimeFacades
C:\Program Files\Microsoft Visual Studio\2022\Community\MSBuild\Microsoft\VisualStudio\v17.0\TeamTest\Microsoft.TeamTest.targets(4,5): message :     ;
C:\Program Files\Microsoft Visual Studio\2022\Community\MSBuild\Microsoft\VisualStudio\v17.0\TeamTest\Microsoft.TeamTest.targets(4,5): message :       ResolveTestReferences
C:\Program Files\Microsoft Visual Studio\2022\Community\MSBuild\Microsoft\VisualStudio\v17.0\TeamTest\Microsoft.TeamTest.targets(4,5): message :     " (previous value: "
C:\Program Files\Microsoft Visual Studio\2022\Community\MSBuild\Microsoft\VisualStudio\v17.0\TeamTest\Microsoft.TeamTest.targets(4,5): message :       
C:\Program Files\Microsoft Visual Studio\2022\Community\MSBuild\Microsoft\VisualStudio\v17.0\TeamTest\Microsoft.TeamTest.targets(4,5): message :       BeforeResolveReferences;
C:\Program Files\Microsoft Visual Studio\2022\Community\MSBuild\Microsoft\VisualStudio\v17.0\TeamTest\Microsoft.TeamTest.targets(4,5): message :       AssignProjectConfiguration;
C:\Program Files\Microsoft Visual Studio\2022\Community\MSBuild\Microsoft\VisualStudio\v17.0\TeamTest\Microsoft.TeamTest.targets(4,5): message :       ResolveProjectReferences;
C:\Program Files\Microsoft Visual Studio\2022\Community\MSBuild\Microsoft\VisualStudio\v17.0\TeamTest\Microsoft.TeamTest.targets(4,5): message :       FindInvalidProjectReferences;
C:\Program Files\Microsoft Visual Studio\2022\Community\MSBuild\Microsoft\VisualStudio\v17.0\TeamTest\Microsoft.TeamTest.targets(4,5): message :       ResolveNativeReferences;
C:\Program Files\Microsoft Visual Studio\2022\Community\MSBuild\Microsoft\VisualStudio\v17.0\TeamTest\Microsoft.TeamTest.targets(4,5): message :       ResolveAssemblyReferences;
C:\Program Files\Microsoft Visual Studio\2022\Community\MSBuild\Microsoft\VisualStudio\v17.0\TeamTest\Microsoft.TeamTest.targets(4,5): message :       GenerateBindingRedirects;
C:\Program Files\Microsoft Visual Studio\2022\Community\MSBuild\Microsoft\VisualStudio\v17.0\TeamTest\Microsoft.TeamTest.targets(4,5): message :       GenerateBindingRedirectsUpdateAppConfig;
C:\Program Files\Microsoft Visual Studio\2022\Community\MSBuild\Microsoft\VisualStudio\v17.0\TeamTest\Microsoft.TeamTest.targets(4,5): message :       ResolveComReferences;
C:\Program Files\Microsoft Visual Studio\2022\Community\MSBuild\Microsoft\VisualStudio\v17.0\TeamTest\Microsoft.TeamTest.targets(4,5): message :       AfterResolveReferences
C:\Program Files\Microsoft Visual Studio\2022\Community\MSBuild\Microsoft\VisualStudio\v17.0\TeamTest\Microsoft.TeamTest.targets(4,5): message :     ;
C:\Program Files\Microsoft Visual Studio\2022\Community\MSBuild\Microsoft\VisualStudio\v17.0\TeamTest\Microsoft.TeamTest.targets(4,5): message :       ImplicitlyExpandDesignTimeFacades
C:\Program Files\Microsoft Visual Studio\2022\Community\MSBuild\Microsoft\VisualStudio\v17.0\TeamTest\Microsoft.TeamTest.targets(4,5): message :     ") at C:\Program Files\Microsoft Visual Studio\2022\Community\MSBuild\Microsoft\VisualStudio\v17.0\TeamTest\Microsoft.TeamTest.targets (4,5)
Search paths being used for $(MSBuildExtensionsPath) are C:\Program Files\Microsoft Visual Studio\2022\Community\MSBuild;$(MSBuildProgramFiles32)\MSBuild
Trying to import C:\Program Files\Microsoft Visual Studio\2022\Community\MSBuild\$(MSBuildToolsVersion)\Microsoft.Common.targets\ImportAfter\* using extensions path C:\Program Files\Microsoft Visual Studio\2022\Community\MSBuild
Search paths being used for $(MSBuildExtensionsPath) are C:\Program Files\Microsoft Visual Studio\2022\Community\MSBuild;$(MSBuildProgramFiles32)\MSBuild
Trying to import C:\Program Files\Microsoft Visual Studio\2022\Community\MSBuild\Sdks\Microsoft.Docker.Sdk\build\Microsoft.Docker.targets using extensions path C:\Program Files\Microsoft Visual Studio\2022\Community\MSBuild
C:\Program Files\Microsoft Visual Studio\2022\Community\MSBuild\Microsoft\NuGet\17.0\Microsoft.NuGet.targets(74,5): message : Property reassignment: $(ProjectLockFile)="obj\project.assets.json" (previous value: "C:\Users\johna\source\repos\POS_System\POS_System\obj\project.assets.json") at C:\Program Files\Microsoft Visual Studio\2022\Community\MSBuild\Microsoft\NuGet\17.0\Microsoft.NuGet.targets (74,5)
C:\Program Files\Microsoft Visual Studio\2022\Community\MSBuild\Microsoft\NuGet\17.0\Microsoft.NuGet.targets(185,5): message : Property reassignment: $(ResolveAssemblyReferencesDependsOn)="
C:\Program Files\Microsoft Visual Studio\2022\Community\MSBuild\Microsoft\NuGet\17.0\Microsoft.NuGet.targets(185,5): message :       ResolveProjectReferences;
C:\Program Files\Microsoft Visual Studio\2022\Community\MSBuild\Microsoft\NuGet\17.0\Microsoft.NuGet.targets(185,5): message :       FindInvalidProjectReferences;
C:\Program Files\Microsoft Visual Studio\2022\Community\MSBuild\Microsoft\NuGet\17.0\Microsoft.NuGet.targets(185,5): message :       GetFrameworkPaths;
C:\Program Files\Microsoft Visual Studio\2022\Community\MSBuild\Microsoft\NuGet\17.0\Microsoft.NuGet.targets(185,5): message :       GetReferenceAssemblyPaths;
C:\Program Files\Microsoft Visual Studio\2022\Community\MSBuild\Microsoft\NuGet\17.0\Microsoft.NuGet.targets(185,5): message :       PrepareForBuild;
C:\Program Files\Microsoft Visual Studio\2022\Community\MSBuild\Microsoft\NuGet\17.0\Microsoft.NuGet.targets(185,5): message :       ResolveSDKReferences;
C:\Program Files\Microsoft Visual Studio\2022\Community\MSBuild\Microsoft\NuGet\17.0\Microsoft.NuGet.targets(185,5): message :       ExpandSDKReferences;
C:\Program Files\Microsoft Visual Studio\2022\Community\MSBuild\Microsoft\NuGet\17.0\Microsoft.NuGet.targets(185,5): message :     ;ResolveNuGetPackageAssets" (previous value: "
C:\Program Files\Microsoft Visual Studio\2022\Community\MSBuild\Microsoft\NuGet\17.0\Microsoft.NuGet.targets(185,5): message :       ResolveProjectReferences;
C:\Program Files\Microsoft Visual Studio\2022\Community\MSBuild\Microsoft\NuGet\17.0\Microsoft.NuGet.targets(185,5): message :       FindInvalidProjectReferences;
C:\Program Files\Microsoft Visual Studio\2022\Community\MSBuild\Microsoft\NuGet\17.0\Microsoft.NuGet.targets(185,5): message :       GetFrameworkPaths;
C:\Program Files\Microsoft Visual Studio\2022\Community\MSBuild\Microsoft\NuGet\17.0\Microsoft.NuGet.targets(185,5): message :       GetReferenceAssemblyPaths;
C:\Program Files\Microsoft Visual Studio\2022\Community\MSBuild\Microsoft\NuGet\17.0\Microsoft.NuGet.targets(185,5): message :       PrepareForBuild;
C:\Program Files\Microsoft Visual Studio\2022\Community\MSBuild\Microsoft\NuGet\17.0\Microsoft.NuGet.targets(185,5): message :       ResolveSDKReferences;
C:\Program Files\Microsoft Visual Studio\2022\Community\MSBuild\Microsoft\NuGet\17.0\Microsoft.NuGet.targets(185,5): message :       ExpandSDKReferences;
C:\Program Files\Microsoft Visual Studio\2022\Community\MSBuild\Microsoft\NuGet\17.0\Microsoft.NuGet.targets(185,5): message :     ") at C:\Program Files\Microsoft Visual Studio\2022\Community\MSBuild\Microsoft\NuGet\17.0\Microsoft.NuGet.targets (185,5)
C:\Program Files\Microsoft Visual Studio\2022\Community\MSBuild\Microsoft\NuGet\17.0\Microsoft.NuGet.targets(186,5): message : Property reassignment: $(PrepareResourcesDependsOn)="ResolveNuGetPackageAssets;
C:\Program Files\Microsoft Visual Studio\2022\Community\MSBuild\Microsoft\NuGet\17.0\Microsoft.NuGet.targets(186,5): message :       ValidationExtension;
C:\Program Files\Microsoft Visual Studio\2022\Community\MSBuild\Microsoft\NuGet\17.0\Microsoft.NuGet.targets(186,5): message :       ExpressionBuildExtension;
C:\Program Files\Microsoft Visual Studio\2022\Community\MSBuild\Microsoft\NuGet\17.0\Microsoft.NuGet.targets(186,5): message :       
C:\Program Files\Microsoft Visual Studio\2022\Community\MSBuild\Microsoft\NuGet\17.0\Microsoft.NuGet.targets(186,5): message :       XamlMarkupCompilePass1;
C:\Program Files\Microsoft Visual Studio\2022\Community\MSBuild\Microsoft\NuGet\17.0\Microsoft.NuGet.targets(186,5): message :       XamlMarkupCompilePass2;
C:\Program Files\Microsoft Visual Studio\2022\Community\MSBuild\Microsoft\NuGet\17.0\Microsoft.NuGet.targets(186,5): message :       
C:\Program Files\Microsoft Visual Studio\2022\Community\MSBuild\Microsoft\NuGet\17.0\Microsoft.NuGet.targets(186,5): message :                 MarkupCompilePass1;
C:\Program Files\Microsoft Visual Studio\2022\Community\MSBuild\Microsoft\NuGet\17.0\Microsoft.NuGet.targets(186,5): message :                 AfterMarkupCompilePass1;
C:\Program Files\Microsoft Visual Studio\2022\Community\MSBuild\Microsoft\NuGet\17.0\Microsoft.NuGet.targets(186,5): message :                 MarkupCompilePass2ForMainAssembly;
C:\Program Files\Microsoft Visual Studio\2022\Community\MSBuild\Microsoft\NuGet\17.0\Microsoft.NuGet.targets(186,5): message :                 FileClassification;
C:\Program Files\Microsoft Visual Studio\2022\Community\MSBuild\Microsoft\NuGet\17.0\Microsoft.NuGet.targets(186,5): message :                 MainResourcesGeneration;
C:\Program Files\Microsoft Visual Studio\2022\Community\MSBuild\Microsoft\NuGet\17.0\Microsoft.NuGet.targets(186,5): message :                 
C:\Program Files\Microsoft Visual Studio\2022\Community\MSBuild\Microsoft\NuGet\17.0\Microsoft.NuGet.targets(186,5): message :       ;
C:\Program Files\Microsoft Visual Studio\2022\Community\MSBuild\Microsoft\NuGet\17.0\Microsoft.NuGet.targets(186,5): message :       PrepareResourceNames;
C:\Program Files\Microsoft Visual Studio\2022\Community\MSBuild\Microsoft\NuGet\17.0\Microsoft.NuGet.targets(186,5): message :       ResGen;
C:\Program Files\Microsoft Visual Studio\2022\Community\MSBuild\Microsoft\NuGet\17.0\Microsoft.NuGet.targets(186,5): message :       CompileLicxFiles
C:\Program Files\Microsoft Visual Studio\2022\Community\MSBuild\Microsoft\NuGet\17.0\Microsoft.NuGet.targets(186,5): message :     
C:\Program Files\Microsoft Visual Studio\2022\Community\MSBuild\Microsoft\NuGet\17.0\Microsoft.NuGet.targets(186,5): message :        
C:\Program Files\Microsoft Visual Studio\2022\Community\MSBuild\Microsoft\NuGet\17.0\Microsoft.NuGet.targets(186,5): message :     
C:\Program Files\Microsoft Visual Studio\2022\Community\MSBuild\Microsoft\NuGet\17.0\Microsoft.NuGet.targets(186,5): message :     " (previous value: "
C:\Program Files\Microsoft Visual Studio\2022\Community\MSBuild\Microsoft\NuGet\17.0\Microsoft.NuGet.targets(186,5): message :       ValidationExtension;
C:\Program Files\Microsoft Visual Studio\2022\Community\MSBuild\Microsoft\NuGet\17.0\Microsoft.NuGet.targets(186,5): message :       ExpressionBuildExtension;
C:\Program Files\Microsoft Visual Studio\2022\Community\MSBuild\Microsoft\NuGet\17.0\Microsoft.NuGet.targets(186,5): message :       
C:\Program Files\Microsoft Visual Studio\2022\Community\MSBuild\Microsoft\NuGet\17.0\Microsoft.NuGet.targets(186,5): message :       XamlMarkupCompilePass1;
C:\Program Files\Microsoft Visual Studio\2022\Community\MSBuild\Microsoft\NuGet\17.0\Microsoft.NuGet.targets(186,5): message :       XamlMarkupCompilePass2;
C:\Program Files\Microsoft Visual Studio\2022\Community\MSBuild\Microsoft\NuGet\17.0\Microsoft.NuGet.targets(186,5): message :       
C:\Program Files\Microsoft Visual Studio\2022\Community\MSBuild\Microsoft\NuGet\17.0\Microsoft.NuGet.targets(186,5): message :                 MarkupCompilePass1;
C:\Program Files\Microsoft Visual Studio\2022\Community\MSBuild\Microsoft\NuGet\17.0\Microsoft.NuGet.targets(186,5): message :                 AfterMarkupCompilePass1;
C:\Program Files\Microsoft Visual Studio\2022\Community\MSBuild\Microsoft\NuGet\17.0\Microsoft.NuGet.targets(186,5): message :                 MarkupCompilePass2ForMainAssembly;
C:\Program Files\Microsoft Visual Studio\2022\Community\MSBuild\Microsoft\NuGet\17.0\Microsoft.NuGet.targets(186,5): message :                 FileClassification;
C:\Program Files\Microsoft Visual Studio\2022\Community\MSBuild\Microsoft\NuGet\17.0\Microsoft.NuGet.targets(186,5): message :                 MainResourcesGeneration;
C:\Program Files\Microsoft Visual Studio\2022\Community\MSBuild\Microsoft\NuGet\17.0\Microsoft.NuGet.targets(186,5): message :                 
C:\Program Files\Microsoft Visual Studio\2022\Community\MSBuild\Microsoft\NuGet\17.0\Microsoft.NuGet.targets(186,5): message :       ;
C:\Program Files\Microsoft Visual Studio\2022\Community\MSBuild\Microsoft\NuGet\17.0\Microsoft.NuGet.targets(186,5): message :       PrepareResourceNames;
C:\Program Files\Microsoft Visual Studio\2022\Community\MSBuild\Microsoft\NuGet\17.0\Microsoft.NuGet.targets(186,5): message :       ResGen;
C:\Program Files\Microsoft Visual Studio\2022\Community\MSBuild\Microsoft\NuGet\17.0\Microsoft.NuGet.targets(186,5): message :       CompileLicxFiles
C:\Program Files\Microsoft Visual Studio\2022\Community\MSBuild\Microsoft\NuGet\17.0\Microsoft.NuGet.targets(186,5): message :     
C:\Program Files\Microsoft Visual Studio\2022\Community\MSBuild\Microsoft\NuGet\17.0\Microsoft.NuGet.targets(186,5): message :        
C:\Program Files\Microsoft Visual Studio\2022\Community\MSBuild\Microsoft\NuGet\17.0\Microsoft.NuGet.targets(186,5): message :     
C:\Program Files\Microsoft Visual Studio\2022\Community\MSBuild\Microsoft\NuGet\17.0\Microsoft.NuGet.targets(186,5): message :     ") at C:\Program Files\Microsoft Visual Studio\2022\Community\MSBuild\Microsoft\NuGet\17.0\Microsoft.NuGet.targets (186,5)
C:\Program Files\Microsoft Visual Studio\2022\Community\MSBuild\Microsoft\NuGet\17.0\Microsoft.NuGet.targets(267,5): message : Property reassignment: $(_HandlePackageFileConflictsAfter)="ResolveNuGetPackageAssets;ResolveNuGetPackageAssetsNonAOT" (previous value: "ResolveNuGetPackageAssets") at C:\Program Files\Microsoft Visual Studio\2022\Community\MSBuild\Microsoft\NuGet\17.0\Microsoft.NuGet.targets (267,5)
Search paths being used for $(MSBuildExtensionsPath) are C:\Program Files\Microsoft Visual Studio\2022\Community\MSBuild;$(MSBuildProgramFiles32)\MSBuild
Search paths being used for $(MSBuildExtensionsPath) are C:\Program Files\Microsoft Visual Studio\2022\Community\MSBuild;$(MSBuildProgramFiles32)\MSBuild
Trying to import C:\Program Files\Microsoft Visual Studio\2022\Community\MSBuild\Microsoft\VisualStudio\WebTools.Aspire\Microsoft.WebTools.Aspire.targets using extensions path C:\Program Files\Microsoft Visual Studio\2022\Community\MSBuild
C:\Program Files\Microsoft Visual Studio\2022\Community\MSBuild\Microsoft\VisualStudio\WebTools.Aspire\Microsoft.WebTools.Aspire.targets(25,5): message : Property reassignment: $(JsonSchemaCombinedFilePath)="C:\Users\johna\source\repos\POS_System\POS_System\obj\Debug\CombinedComponentSchema.json" (previous value: "obj\Debug\\CombinedComponentSchema.json") at C:\Program Files\Microsoft Visual Studio\2022\Community\MSBuild\Microsoft\VisualStudio\WebTools.Aspire\Microsoft.WebTools.Aspire.targets (25,5)
C:\Program Files\Microsoft Visual Studio\2022\Community\MSBuild\Microsoft\VisualStudio\WebTools.Aspire\Microsoft.WebTools.Aspire.targets(27,5): message : Property reassignment: $(AppSettingsJsonSchemaCombinedFilePath)="C:\Users\johna\source\repos\POS_System\POS_System\obj\Debug\AppSettingsSchema.json" (previous value: "obj\Debug\\AppSettingsSchema.json") at C:\Program Files\Microsoft Visual Studio\2022\Community\MSBuild\Microsoft\VisualStudio\WebTools.Aspire\Microsoft.WebTools.Aspire.targets (27,5)
Search paths being used for $(MSBuildExtensionsPath) are C:\Program Files\Microsoft Visual Studio\2022\Community\MSBuild;$(MSBuildProgramFiles32)\MSBuild
Overriding target "ResolveFrameworkReferences" in project "C:\Program Files\Microsoft Visual Studio\2022\Community\MSBuild\Microsoft\VisualStudio\Managed\Microsoft.Managed.DesignTime.targets" with target "ResolveFrameworkReferences" from project "C:\Program Files\Microsoft Visual Studio\2022\Community\MSBuild\Current\Bin\Microsoft.Common.CurrentVersion.targets".
Overriding target "GetFrameworkPaths" in project "C:\Program Files\Microsoft Visual Studio\2022\Community\MSBuild\Current\Bin\Microsoft.Common.CurrentVersion.targets" with target "GetFrameworkPaths" from project "C:\Program Files\Microsoft Visual Studio\2022\Community\MSBuild\Current\Bin\Microsoft.NETFramework.CurrentVersion.targets".
Overriding target "SatelliteDllsProjectOutputGroup" in project "C:\Program Files\Microsoft Visual Studio\2022\Community\MSBuild\Current\Bin\Microsoft.Common.CurrentVersion.targets" with target "SatelliteDllsProjectOutputGroup" from project "C:\WINDOWS\Microsoft.NET\Framework\v4.0.30319\Microsoft.WinFx.targets".
Overriding target "GenerateCompiledExpressionsTempFile" in project "C:\WINDOWS\Microsoft.NET\Framework\v4.0.30319\Microsoft.WorkflowBuildExtensions.targets" with target "GenerateCompiledExpressionsTempFile" from project "C:\Program Files\Microsoft Visual Studio\2022\Community\MSBuild\Current\Bin\Microsoft.WorkflowBuildExtensions.targets".
Overriding target "CollectPackageReferences" in project "C:\Program Files\Microsoft Visual Studio\2022\Community\MSBuild\Microsoft\VisualStudio\Managed\Microsoft.Managed.DesignTime.targets" with target "CollectPackageReferences" from project "C:\Program Files\Microsoft Visual Studio\2022\Community\Common7\IDE\CommonExtensions\Microsoft\NuGet\NuGet.targets".
Overriding target "CollectNuGetAuditSuppressions" in project "C:\Program Files\Microsoft Visual Studio\2022\Community\MSBuild\Microsoft\VisualStudio\Managed\Microsoft.Managed.DesignTime.targets" with target "CollectNuGetAuditSuppressions" from project "C:\Program Files\Microsoft Visual Studio\2022\Community\Common7\IDE\CommonExtensions\Microsoft\NuGet\NuGet.targets".
Overriding target "CollectPrunePackageReferences" in project "C:\Program Files\Microsoft Visual Studio\2022\Community\MSBuild\Microsoft\VisualStudio\Managed\Microsoft.Managed.DesignTime.targets" with target "CollectPrunePackageReferences" from project "C:\Program Files\Microsoft Visual Studio\2022\Community\Common7\IDE\CommonExtensions\Microsoft\NuGet\NuGet.targets".
Overriding target "CollectCopyToOutputDirectoryItemDesignTime" in project "C:\Program Files\Microsoft Visual Studio\2022\Community\MSBuild\Microsoft\VisualStudio\Managed\Microsoft.Managed.DesignTime.targets" with target "CollectCopyToOutputDirectoryItemDesignTime" from project "C:\Program Files\Microsoft Visual Studio\2022\Community\Common7\IDE\CommonExtensions\Microsoft\ProjectServices\Microsoft.DesignTime.targets".
Overriding target "CompileDesignTime" in project "C:\Program Files\Microsoft Visual Studio\2022\Community\MSBuild\Microsoft\VisualStudio\Managed\Microsoft.CSharp.DesignTime.targets" with target "CompileDesignTime" from project "C:\Program Files\Microsoft Visual Studio\2022\Community\Common7\IDE\CommonExtensions\Microsoft\ProjectServices\Microsoft.DesignTime.targets".
Overriding target "_CheckCompileDesignTimePrerequisite" in project "C:\Program Files\Microsoft Visual Studio\2022\Community\MSBuild\Microsoft\VisualStudio\Managed\Microsoft.Managed.DesignTime.targets" with target "_CheckCompileDesignTimePrerequisite" from project "C:\Program Files\Microsoft Visual Studio\2022\Community\Common7\IDE\CommonExtensions\Microsoft\ProjectServices\Microsoft.DesignTime.targets".
The target "_PrepareRazorSourceGenerators" listed in an AfterTargets attribute at "C:\Program Files\Microsoft Visual Studio\2022\Community\MSBuild\Microsoft\VisualStudio\Managed\Microsoft.CSharp.DesignTime.targets (74,45)" does not exist in the project, and will be ignored.
The target "ClCompile" listed in an AfterTargets attribute at "C:\Program Files\Microsoft Visual Studio\2022\Community\MSBuild\Microsoft\VisualStudio\v17.0\CodeAnalysis\Microsoft.CodeAnalysis.targets (446,11)" does not exist in the project, and will be ignored.
Project "C:\Users\johna\source\repos\POS_System\POS_System\POS_System.csproj" on node 1 (Build target(s)).
Project file contains ToolsVersion="15.0". This toolset may be unknown or missing, in which case you may be able to resolve this by installing the appropriate version of MSBuild, or the build may have been forced to a particular ToolsVersion for policy reasons. Treating the project as if it had ToolsVersion="Current". For more information, please see http://go.microsoft.com/fwlink/?LinkId=293424.
Target "EntityDeploy" skipped, due to false condition; ('@(EntityDeploy)' != '') was evaluated as ('' != '').
Target "EnableIntermediateOutputPathMismatchWarning" skipped, due to false condition; ('$(RestoreProjectStyle)' == 'PackageReference') was evaluated as ('' == 'PackageReference').
Target "_CheckForInvalidConfigurationAndPlatform" in file "C:\Program Files\Microsoft Visual Studio\2022\Community\MSBuild\Current\Bin\Microsoft.Common.CurrentVersion.targets" from project "C:\Users\johna\source\repos\POS_System\POS_System\POS_System.csproj" (target "EntityDeploy" depends on it):
Task "MSBuildInternalMessage" skipped, due to false condition; ('$(_InvalidConfigurationMessageSeverity)' != '') was evaluated as ('' != '').
Using "Message" task from assembly "Microsoft.Build.Tasks.Core, Version=15.1.0.0, Culture=neutral, PublicKeyToken=b03f5f7f11d50a3a".
Task "Message"
  Configuration=Debug
Done executing task "Message".
Task "Message"
  Platform=AnyCPU
Done executing task "Message".
Task "MSBuildInternalMessage" skipped, due to false condition; ('$(OutDir)' != '' and !HasTrailingSlash('$(OutDir)')) was evaluated as ('bin\Debug\' != '' and !HasTrailingSlash('bin\Debug\')).
Task "MSBuildInternalMessage" skipped, due to false condition; ('$(IntermediateOutputPath)' != '' and !HasTrailingSlash('$(IntermediateOutputPath)')) was evaluated as ('obj\Debug\' != '' and !HasTrailingSlash('obj\Debug\')).
Task "MSBuildInternalMessage" skipped, due to false condition; ('$(BaseIntermediateOutputPath)' != '' and !HasTrailingSlash('$(BaseIntermediateOutputPath)')) was evaluated as ('obj\' != '' and !HasTrailingSlash('obj\')).
C:\Program Files\Microsoft Visual Studio\2022\Community\MSBuild\Current\Bin\Microsoft.Common.CurrentVersion.targets(857,7): message : Property reassignment: $(PlatformTargetAsMSBuildArchitecture)="x86" (previous value: "CurrentArchitecture") at C:\Program Files\Microsoft Visual Studio\2022\Community\MSBuild\Current\Bin\Microsoft.Common.CurrentVersion.targets (857,7) [C:\Users\johna\source\repos\POS_System\POS_System\POS_System.csproj]
Task "MSBuildInternalMessage" skipped, due to false condition; ( '$(Prefer32Bit)' == 'true' and '$(PreferNativeArm64)' == 'true' ) was evaluated as ( 'true' == 'true' and '' == 'true' ).
Task "MSBuildInternalMessage" skipped, due to false condition; ( '$(NoWin32Manifest)' == 'true' and '$(PreferNativeArm64)' == 'true' ) was evaluated as ( '' == 'true' and '' == 'true' ).
Task "MSBuildInternalMessage" skipped, due to false condition; ( '$(PreferNativeArm64)' == 'true' and '$(Platform)' != 'AnyCPU' ) was evaluated as ( '' == 'true' and 'AnyCPU' != 'AnyCPU' ).
Task "MSBuildInternalMessage" skipped, due to false condition; ( '$(_InitialMSBuildProjectExtensionsPath)' != '' And '$(MSBuildProjectExtensionsPath)' != '$(_InitialMSBuildProjectExtensionsPath)' ) was evaluated as ( 'C:\Users\johna\source\repos\POS_System\POS_System\obj\' != '' And 'C:\Users\johna\source\repos\POS_System\POS_System\obj\' != 'C:\Users\johna\source\repos\POS_System\POS_System\obj\' ).
Task "MSBuildInternalMessage" skipped, due to false condition; ( '$(EnableBaseIntermediateOutputPathMismatchWarning)' == 'true' And '$(_InitialBaseIntermediateOutputPath)' != '$(BaseIntermediateOutputPath)' And '$(BaseIntermediateOutputPath)' != '$(MSBuildProjectExtensionsPath)' ) was evaluated as ( '' == 'true' And 'obj\' != 'obj\' And 'obj\' != 'C:\Users\johna\source\repos\POS_System\POS_System\obj\' ).
Done building target "_CheckForInvalidConfigurationAndPlatform" in project "POS_System.csproj".
Target "BeforeBuild" in file "C:\Program Files\Microsoft Visual Studio\2022\Community\MSBuild\Current\Bin\Microsoft.Common.CurrentVersion.targets" from project "C:\Users\johna\source\repos\POS_System\POS_System\POS_System.csproj" (target "Build" depends on it):
Done building target "BeforeBuild" in project "POS_System.csproj".
Target "BuildOnlySettings" in file "C:\Program Files\Microsoft Visual Studio\2022\Community\MSBuild\Current\Bin\Microsoft.Common.CurrentVersion.targets" from project "C:\Users\johna\source\repos\POS_System\POS_System\POS_System.csproj" (target "CoreBuild" depends on it):
C:\Program Files\Microsoft Visual Studio\2022\Community\MSBuild\Current\Bin\Microsoft.Common.CurrentVersion.targets(1168,7): message : Property reassignment: $(BuildingProject)="true" (previous value: "false") at C:\Program Files\Microsoft Visual Studio\2022\Community\MSBuild\Current\Bin\Microsoft.Common.CurrentVersion.targets (1168,7) [C:\Users\johna\source\repos\POS_System\POS_System\POS_System.csproj]
Done building target "BuildOnlySettings" in project "POS_System.csproj".
Target "GetFrameworkPaths" in file "C:\Program Files\Microsoft Visual Studio\2022\Community\MSBuild\Current\Bin\Microsoft.NETFramework.CurrentVersion.targets" from project "C:\Users\johna\source\repos\POS_System\POS_System\POS_System.csproj" (target "PrepareForBuild" depends on it):
Done building target "GetFrameworkPaths" in project "POS_System.csproj".
Target "GetWinFXPath" skipped, due to false condition; (('@(Page)' != '' or '@(ApplicationDefinition)' != '' or '@(Resource)' != '') and ('$(GetWinFXNativePath)' != '' or '$(GetWinFXWoWPath)' != '' )) was evaluated as (('' != '' or '' != '' or '' != '') and ('' != '' or '' != '' )).
Target "GetFrameworkPaths" skipped. Previously built successfully.
Target "GetReferenceAssemblyPaths" in file "C:\Program Files\Microsoft Visual Studio\2022\Community\MSBuild\Current\Bin\Microsoft.Common.CurrentVersion.targets" from project "C:\Users\johna\source\repos\POS_System\POS_System\POS_System.csproj" (target "PrepareForBuild" depends on it):
C:\Program Files\Microsoft Visual Studio\2022\Community\MSBuild\Current\Bin\Microsoft.Common.CurrentVersion.targets(1255,7): message : Property reassignment: $(TargetFrameworkDirectory)="" (previous value: "C:\WINDOWS\Microsoft.NET\Framework\v4.0.30319") at C:\Program Files\Microsoft Visual Studio\2022\Community\MSBuild\Current\Bin\Microsoft.Common.CurrentVersion.targets (1255,7) [C:\Users\johna\source\repos\POS_System\POS_System\POS_System.csproj]
Using "GetReferenceAssemblyPaths" task from assembly "Microsoft.Build.Tasks.Core, Version=15.1.0.0, Culture=neutral, PublicKeyToken=b03f5f7f11d50a3a".
Task "GetReferenceAssemblyPaths"
Done executing task "GetReferenceAssemblyPaths".
C:\Program Files\Microsoft Visual Studio\2022\Community\MSBuild\Current\Bin\Microsoft.Common.CurrentVersion.targets(1272,7): message : Property reassignment: $(TargetFrameworkDirectory)="C:\Program Files %28x86%29\Reference Assemblies\Microsoft\Framework\.NETFramework\v4.7.2\;;" (previous value: "C:\WINDOWS\Microsoft.NET\Framework\v4.0.30319") at C:\Program Files\Microsoft Visual Studio\2022\Community\MSBuild\Current\Bin\Microsoft.Common.CurrentVersion.targets (1272,7) [C:\Users\johna\source\repos\POS_System\POS_System\POS_System.csproj]
C:\Program Files\Microsoft Visual Studio\2022\Community\MSBuild\Current\Bin\Microsoft.Common.CurrentVersion.targets(1293,7): message : Property reassignment: $(TargetFrameworkDirectory)="C:\Program Files %28x86%29\Reference Assemblies\Microsoft\Framework\.NETFramework\v4.7.2\;;;C:\Program Files %28x86%29\Reference Assemblies\Microsoft\Framework\.NETFramework\v4.7.2\Facades\" (previous value: "C:\WINDOWS\Microsoft.NET\Framework\v4.0.30319") at C:\Program Files\Microsoft Visual Studio\2022\Community\MSBuild\Current\Bin\Microsoft.Common.CurrentVersion.targets (1293,7) [C:\Users\johna\source\repos\POS_System\POS_System\POS_System.csproj]
Done building target "GetReferenceAssemblyPaths" in project "POS_System.csproj".
Target "AssignLinkMetadata" skipped, due to false condition; ( '$(SynthesizeLinkMetadata)' == 'true' ) was evaluated as ( '' == 'true' ).
Target "PrepareForBuild" in file "C:\Program Files\Microsoft Visual Studio\2022\Community\MSBuild\Current\Bin\Microsoft.Common.CurrentVersion.targets" from project "C:\Users\johna\source\repos\POS_System\POS_System\POS_System.csproj" (target "CoreBuild" depends on it):
Using "FindAppConfigFile" task from assembly "Microsoft.Build.Tasks.Core, Version=15.1.0.0, Culture=neutral, PublicKeyToken=b03f5f7f11d50a3a".
Task "FindAppConfigFile"
  Found "App.config".
Done executing task "FindAppConfigFile".
Using "MakeDir" task from assembly "Microsoft.Build.Tasks.Core, Version=15.1.0.0, Culture=neutral, PublicKeyToken=b03f5f7f11d50a3a".
Task "MakeDir"
Done executing task "MakeDir".
Done building target "PrepareForBuild" in project "POS_System.csproj".
Target "PreBuildEvent" skipped, due to false condition; ('$(PreBuildEvent)'!='') was evaluated as (''!='').
Target "BeforeResolveReferences" in file "C:\Program Files\Microsoft Visual Studio\2022\Community\MSBuild\Current\Bin\Microsoft.Common.CurrentVersion.targets" from project "C:\Users\johna\source\repos\POS_System\POS_System\POS_System.csproj" (target "ResolveReferences" depends on it):
Done building target "BeforeResolveReferences" in project "POS_System.csproj".
Target "AssignProjectConfiguration" skipped, due to false condition; ('$(CurrentSolutionConfigurationContents)' != '' or '@(ProjectReference)'!='') was evaluated as ('' != '' or ''!='').
Target "IgnoreJavaScriptOutputAssembly" in file "C:\Program Files\Microsoft Visual Studio\2022\Community\MSBuild\Current\Bin\Microsoft.Common.CurrentVersion.targets" from project "C:\Users\johna\source\repos\POS_System\POS_System\POS_System.csproj" (target "AssignProjectConfiguration" depends on it):
Done building target "IgnoreJavaScriptOutputAssembly" in project "POS_System.csproj".
Target "AssignProjectConfiguration" skipped, due to false condition; ('$(CurrentSolutionConfigurationContents)' != '' or '@(ProjectReference)'!='') was evaluated as ('' != '' or ''!='').
Target "_SplitProjectReferencesByFileExistence" in file "C:\Program Files\Microsoft Visual Studio\2022\Community\MSBuild\Current\Bin\Microsoft.Common.CurrentVersion.targets" from project "C:\Users\johna\source\repos\POS_System\POS_System\POS_System.csproj" (target "PrepareProjectReferences" depends on it):
Task "ResolveNonMSBuildProjectOutput" skipped, due to false condition; ('$(BuildingInsideVisualStudio)'=='true' and '@(ProjectReferenceWithConfiguration)'!='') was evaluated as (''=='true' and ''!='').
Done building target "_SplitProjectReferencesByFileExistence" in project "POS_System.csproj".
Target "_AddOutputPathToGlobalPropertiesToRemove" in file "C:\Program Files\Microsoft Visual Studio\2022\Community\MSBuild\Current\Bin\Microsoft.Common.CurrentVersion.targets" from project "C:\Users\johna\source\repos\POS_System\POS_System\POS_System.csproj" (target "_GetProjectReferenceTargetFrameworkProperties" depends on it):
Done building target "_AddOutputPathToGlobalPropertiesToRemove" in project "POS_System.csproj".
Target "_GetProjectReferenceTargetFrameworkProperties" in file "C:\Program Files\Microsoft Visual Studio\2022\Community\MSBuild\Current\Bin\Microsoft.Common.CurrentVersion.targets" from project "C:\Users\johna\source\repos\POS_System\POS_System\POS_System.csproj" (target "PrepareProjectReferences" depends on it):
Using "MSBuild" task from assembly "Microsoft.Build.Tasks.Core, Version=15.1.0.0, Culture=neutral, PublicKeyToken=b03f5f7f11d50a3a".
Task "MSBuild"
Done executing task "MSBuild".
Task "MSBuild" skipped, due to false condition; ('%(_MSBuildProjectReferenceExistent.SkipGetTargetFrameworkProperties)' != 'true' and '$(EnableDynamicPlatformResolution)' == 'true') was evaluated as ('' != 'true' and '' == 'true').
Task "GetReferenceNearestTargetFrameworkTask" skipped, due to false condition; ('@(_ProjectReferenceTargetFrameworkPossibilities)' != '' and '$(ReferringTargetFrameworkForProjectReferences)' != ''
                                                        And '$(GetReferenceNearestTargetFrameworkTaskSupportsTargetPlatformParameter)' == 'true' and '%(_ProjectReferenceTargetFrameworkPossibilities.IsVcxOrNativeProj)' != 'true') was evaluated as ('' != '' and '.NETFramework,Version=v4.7.2' != ''
                                                        And 'true' == 'true' and '' != 'true').
Task "GetReferenceNearestTargetFrameworkTask" skipped, due to false condition; ('@(_ProjectReferenceTargetFrameworkPossibilities)' != '' and '$(ReferringTargetFrameworkForProjectReferences)' != ''
                                                        And '$(GetReferenceNearestTargetFrameworkTaskSupportsTargetPlatformParameter)' != 'true' and '%(_ProjectReferenceTargetFrameworkPossibilities.IsVcxOrNativeProj)' != 'true') was evaluated as ('' != '' and '.NETFramework,Version=v4.7.2' != ''
                                                        And 'true' != 'true' and '' != 'true').
Using "SetRidAgnosticValueForProjects" task from assembly "Microsoft.Build.Tasks.Core, Version=15.1.0.0, Culture=neutral, PublicKeyToken=b03f5f7f11d50a3a".
Task "SetRidAgnosticValueForProjects"
Done executing task "SetRidAgnosticValueForProjects".
Done building target "_GetProjectReferenceTargetFrameworkProperties" in project "POS_System.csproj".
Target "_GetProjectReferencePlatformProperties" skipped, due to false condition; ('$(EnableDynamicPlatformResolution)' == 'true'
                     and '@(_MSBuildProjectReferenceExistent)' != '') was evaluated as ('' == 'true'
                     and '' != '').
Target "PrepareProjectReferences" in file "C:\Program Files\Microsoft Visual Studio\2022\Community\MSBuild\Current\Bin\Microsoft.Common.CurrentVersion.targets" from project "C:\Users\johna\source\repos\POS_System\POS_System\POS_System.csproj" (target "ResolveProjectReferences" depends on it):
Done building target "PrepareProjectReferences" in project "POS_System.csproj".
Target "ResolveProjectReferences" in file "C:\Program Files\Microsoft Visual Studio\2022\Community\MSBuild\Current\Bin\Microsoft.Common.CurrentVersion.targets" from project "C:\Users\johna\source\repos\POS_System\POS_System\POS_System.csproj" (target "ResolveReferences" depends on it):
Task "MSBuild" skipped, due to false condition; ('%(_MSBuildProjectReferenceExistent.BuildReference)' == 'true' and '@(ProjectReferenceWithConfiguration)' != '' and ('$(BuildingInsideVisualStudio)' == 'true' or '$(BuildProjectReferences)' != 'true') and '$(VisualStudioVersion)' != '10.0' and '@(_MSBuildProjectReferenceExistent)' != '') was evaluated as ('' == 'true' and '' != '' and ('' == 'true' or 'true' != 'true') and '17.0' != '10.0' and '' != '').
Task "MSBuild" skipped, due to false condition; ('%(_MSBuildProjectReferenceExistent.BuildReference)' == 'true' and '@(ProjectReferenceWithConfiguration)' != '' and '$(BuildingInsideVisualStudio)' != 'true' and '$(BuildProjectReferences)' == 'true' and '@(_MSBuildProjectReferenceExistent)' != '') was evaluated as ('' == 'true' and '' != '' and '' != 'true' and 'true' == 'true' and '' != '').
Task "MSBuild" skipped, due to false condition; ('%(_MSBuildProjectReferenceExistent.BuildReference)' == 'true' and '@(ProjectReferenceWithConfiguration)' != '' and '$(BuildingProject)' == 'true' and '@(_MSBuildProjectReferenceExistent)' != '') was evaluated as ('' == 'true' and '' != '' and 'true' == 'true' and '' != '').
Task "MSBuildInternalMessage" skipped, due to false condition; ('$(_NonExistentProjectReferenceSeverity)' != '') was evaluated as ('' != '').
Done building target "ResolveProjectReferences" in project "POS_System.csproj".
Target "FindInvalidProjectReferences" skipped, due to false condition; ('$(FindInvalidProjectReferences)' == 'true') was evaluated as ('' == 'true').
Target "ResolveNativeReferences" skipped, due to false condition; ('@(NativeReference)'!='') was evaluated as (''!='').
Target "ResolveProjectReferences" skipped. Previously built successfully.
Target "FindInvalidProjectReferences" skipped, due to false condition; ('$(FindInvalidProjectReferences)' == 'true') was evaluated as ('' == 'true').
Target "GetFrameworkPaths" skipped. Previously built successfully.
Target "GetReferenceAssemblyPaths" skipped. Previously built successfully.
Target "PrepareForBuild" skipped. Previously built successfully.
Target "GetInstalledSDKLocations" skipped, due to false condition; ('@(SDKReference)' != '') was evaluated as ('' != '').
Target "ResolveSDKReferences" in file "C:\Program Files\Microsoft Visual Studio\2022\Community\MSBuild\Current\Bin\Microsoft.Common.CurrentVersion.targets" from project "C:\Users\johna\source\repos\POS_System\POS_System\POS_System.csproj" (target "ResolveAssemblyReferences" depends on it):
Task "ResolveSDKReference" skipped, due to false condition; ('@(SDKReference)'!='') was evaluated as (''!='').
Done building target "ResolveSDKReferences" in project "POS_System.csproj".
Target "ResolveSDKReferences" skipped. Previously built successfully.
Target "ExpandSDKReferences" in file "C:\Program Files\Microsoft Visual Studio\2022\Community\MSBuild\Current\Bin\Microsoft.Common.CurrentVersion.targets" from project "C:\Users\johna\source\repos\POS_System\POS_System\POS_System.csproj" (target "ResolveAssemblyReferences" depends on it):
Task "GetSDKReferenceFiles" skipped, due to false condition; ('@(ResolvedSDKReference)'!='') was evaluated as (''!='').
Done building target "ExpandSDKReferences" in project "POS_System.csproj".
Target "ResolveNuGetPackageAssets" skipped, due to false condition; ('$(ResolveNuGetPackages)' == 'true' and exists('$(ProjectLockFile)')) was evaluated as ('true' == 'true' and exists('obj\project.assets.json')).
Target "ImplicitlyExpandNETStandardFacades" in file "C:\Program Files\Microsoft Visual Studio\2022\Community\MSBuild\Microsoft\Microsoft.NET.Build.Extensions\Microsoft.NET.Build.Extensions.NETFramework.targets" from project "C:\Users\johna\source\repos\POS_System\POS_System\POS_System.csproj" (target "ResolveAssemblyReferences" depends on it):
Task "GetDependsOnNETStandard" skipped, due to false condition; ('$(_RunGetDependsOnNETStandard)' == 'true') was evaluated as ('' == 'true').
Task "NETBuildExtensionsError" skipped, due to false condition; ('$(DependsOnNETStandard)' == 'true' AND '$(NETStandardInbox)' != 'true' AND '$(_UsingOldSDK)' == 'true') was evaluated as ('' == 'true' AND 'true' != 'true' AND '' == 'true').
Task "AddFacadesToReferences" skipped, due to false condition; ('@(_NETStandardLibraryNETFrameworkLib)' != '') was evaluated as ('' != '').
Done building target "ImplicitlyExpandNETStandardFacades" in project "POS_System.csproj".
Target "GetFrameworkPaths" skipped. Previously built successfully.
Target "GetReferenceAssemblyPaths" skipped. Previously built successfully.
Target "_HandlePackageFileConflicts" in file "C:\Program Files\Microsoft Visual Studio\2022\Community\MSBuild\Microsoft\Microsoft.NET.Build.Extensions\Microsoft.NET.Build.Extensions.ConflictResolution.targets" from project "C:\Users\johna\source\repos\POS_System\POS_System\POS_System.csproj" (target "ResolveAssemblyReferences" depends on it):
Using "ResolvePackageFileConflicts" task from assembly "C:\Program Files\Microsoft Visual Studio\2022\Community\MSBuild\Microsoft\Microsoft.NET.Build.Extensions\\tools\net472\Microsoft.NET.Build.Extensions.Tasks.dll".
Task "ResolvePackageFileConflicts"
Done executing task "ResolvePackageFileConflicts".
Done building target "_HandlePackageFileConflicts" in project "POS_System.csproj".
Target "ResolveAssemblyReferences" in file "C:\Program Files\Microsoft Visual Studio\2022\Community\MSBuild\Current\Bin\Microsoft.Common.CurrentVersion.targets" from project "C:\Users\johna\source\repos\POS_System\POS_System\POS_System.csproj" (target "ResolveReferences" depends on it):
Using "ResolveAssemblyReference" task from assembly "Microsoft.Build.Tasks.Core, Version=15.1.0.0, Culture=neutral, PublicKeyToken=b03f5f7f11d50a3a".
Task "ResolveAssemblyReference"
  TargetFrameworkMoniker:
      .NETFramework,Version=v4.7.2
  TargetFrameworkMonikerDisplayName:
      .NET Framework 4.7.2
  TargetedRuntimeVersion:
      v4.0.30319
  Assemblies:
      BouncyCastle.Cryptography, Version=2.0.0.0, Culture=neutral, PublicKeyToken=072edcf4a5328938, processorArchitecture=MSIL
          HintPath = '..\packages\BouncyCastle.Cryptography.2.6.2\lib\net461\BouncyCastle.Cryptography.dll'
      Google.Protobuf, Version=3.32.0.0, Culture=neutral, PublicKeyToken=a7d26565bac4d604, processorArchitecture=MSIL
          HintPath = '..\packages\Google.Protobuf.3.32.0\lib\net45\Google.Protobuf.dll'
      K4os.Compression.LZ4, Version=1.3.8.0, Culture=neutral, PublicKeyToken=2186fa9121ef231d, processorArchitecture=MSIL
          HintPath = '..\packages\K4os.Compression.LZ4.1.3.8\lib\net462\K4os.Compression.LZ4.dll'
      K4os.Hash.xxHash, Version=1.0.8.0, Culture=neutral, PublicKeyToken=32cd54395057cec3, processorArchitecture=MSIL
          HintPath = '..\packages\K4os.Hash.xxHash.1.0.8\lib\net462\K4os.Hash.xxHash.dll'
      System
      System.Buffers, Version=4.0.3.0, Culture=neutral, PublicKeyToken=cc7b13ffcd2ddd51, processorArchitecture=MSIL
          HintPath = '..\packages\System.Buffers.4.5.1\lib\net461\System.Buffers.dll'
      System.Configuration
      System.Configuration.ConfigurationManager, Version=8.0.0.0, Culture=neutral, PublicKeyToken=cc7b13ffcd2ddd51, processorArchitecture=MSIL
          HintPath = '..\packages\System.Configuration.ConfigurationManager.8.0.0\lib\net462\System.Configuration.ConfigurationManager.dll'
      System.DirectoryServices
      System.Memory, Version=4.0.1.2, Culture=neutral, PublicKeyToken=cc7b13ffcd2ddd51, processorArchitecture=MSIL
          HintPath = '..\packages\System.Memory.4.5.5\lib\net461\System.Memory.dll'
      System.Numerics
      System.Numerics.Vectors, Version=4.1.4.0, Culture=neutral, PublicKeyToken=b03f5f7f11d50a3a, processorArchitecture=MSIL
          HintPath = '..\packages\System.Numerics.Vectors.4.5.0\lib\net46\System.Numerics.Vectors.dll'
      System.Runtime.CompilerServices.Unsafe, Version=6.0.0.0, Culture=neutral, PublicKeyToken=b03f5f7f11d50a3a, processorArchitecture=MSIL
          HintPath = '..\packages\System.Runtime.CompilerServices.Unsafe.6.0.0\lib\net461\System.Runtime.CompilerServices.Unsafe.dll'
      System.Windows.Forms.DataVisualization
      System.Xml.Linq
      System.Data.DataSetExtensions
      Microsoft.CSharp
      System.Data
      System.Deployment
      System.Drawing
      System.Net.Http
      System.Windows.Forms
      System.Xml
      Microsoft.Bcl.AsyncInterfaces, Version=5.0.0.0, Culture=neutral, PublicKeyToken=cc7b13ffcd2ddd51, processorArchitecture=MSIL
          HintPath = '..\packages\Microsoft.Bcl.AsyncInterfaces.5.0.0\lib\net461\Microsoft.Bcl.AsyncInterfaces.dll'
      MySql.Data, Version=9.5.0.0, Culture=neutral, PublicKeyToken=c5687fc88969c44d, processorArchitecture=MSIL
          HintPath = '..\packages\MySql.Data.9.5.0\lib\net462\MySql.Data.dll'
      System.IO.Pipelines, Version=5.0.0.2, Culture=neutral, PublicKeyToken=cc7b13ffcd2ddd51, processorArchitecture=MSIL
          HintPath = '..\packages\System.IO.Pipelines.5.0.2\lib\net461\System.IO.Pipelines.dll'
      System.Threading.Tasks.Extensions, Version=4.2.0.1, Culture=neutral, PublicKeyToken=cc7b13ffcd2ddd51, processorArchitecture=MSIL
          HintPath = '..\packages\System.Threading.Tasks.Extensions.4.5.4\lib\net461\System.Threading.Tasks.Extensions.dll'
      ZstdSharp, Version=0.8.6.0, Culture=neutral, PublicKeyToken=8d151af33a4ad5cf, processorArchitecture=MSIL
          HintPath = '..\packages\ZstdSharp.Port.0.8.6\lib\net462\ZstdSharp.dll'
      System.Core
  AssemblyFiles:
      C:\Program Files (x86)\Reference Assemblies\Microsoft\Framework\.NETFramework\v4.7.2\mscorlib.dll
  CandidateAssemblyFiles:
  TargetFrameworkDirectories:
      C:\Program Files (x86)\Reference Assemblies\Microsoft\Framework\.NETFramework\v4.7.2\,C:\Program Files (x86)\Reference Assemblies\Microsoft\Framework\.NETFramework\v4.7.2\Facades\
  NonCultureResourceDirectories:
      
  InstalledAssemblyTables:
  IgnoreInstalledAssemblyTable:
      False
  SearchPaths:
      {CandidateAssemblyFiles}
      {HintPathFromItem}
      {TargetFrameworkDirectory}
      {AssemblyFoldersFromConfig:C:\Program Files\Microsoft Visual Studio\2022\Community\MSBuild\Current\Bin\AssemblyFolders.config,v4.7.2}
      {Registry:Software\Microsoft\.NETFramework,v4.7.2,AssemblyFoldersEx}
      {AssemblyFolders}
      {GAC}
      {RawFileName}
      bin\Debug\
  AllowedAssemblyExtensions:
      .winmd
      .dll
      .exe
  AllowedRelatedFileExtensions:
      .pdb
      .xml
      .pri
      .dll.config
      .exe.config
  AppConfigFile:
      App.config
  AutoUnify:
      True
  EnableCustomCulture:
      False
  CopyLocalDependenciesWhenParentReferenceInGac:
      True
  FindDependencies:
      True
  TargetProcessorArchitecture:
      msil
  StateFile:
      obj\Debug\POS_System.csproj.AssemblyReference.cache
  InstalledAssemblySubsetTables:
  IgnoreInstalledAssemblySubsetTable:
      False
  TargetFrameworkSubsets:
  FullTargetFrameworkSubsetNames:
      Full
  ProfileName:
      
  FullFrameworkFolders:
      C:\Program Files (x86)\Reference Assemblies\Microsoft\Framework\.NETFramework\v4.7.2\
  LatestTargetFrameworkDirectories:
  ProfileTablesLocation:
  Primary reference "mscorlib, Version=4.0.0.0, Culture=neutral, PublicKeyToken=b77a5c561934e089".
      Resolved file path is "C:\Program Files (x86)\Reference Assemblies\Microsoft\Framework\.NETFramework\v4.7.2\mscorlib.dll".
      Reference found at search path location "C:\Program Files (x86)\Reference Assemblies\Microsoft\Framework\.NETFramework\v4.7.2\mscorlib.dll".
      This reference is not "CopyLocal" because it's a prerequisite file.
  Primary reference "BouncyCastle.Cryptography, Version=2.0.0.0, Culture=neutral, PublicKeyToken=072edcf4a5328938".
      Resolved file path is "C:\Users\johna\source\repos\POS_System\packages\BouncyCastle.Cryptography.2.6.2\lib\net461\BouncyCastle.Cryptography.dll".
      Reference found at search path location "{HintPathFromItem}".
      Found related file "C:\Users\johna\source\repos\POS_System\packages\BouncyCastle.Cryptography.2.6.2\lib\net461\BouncyCastle.Cryptography.xml".
  Primary reference "Google.Protobuf, Version=3.32.0.0, Culture=neutral, PublicKeyToken=a7d26565bac4d604".
      Resolved file path is "C:\Users\johna\source\repos\POS_System\packages\Google.Protobuf.3.32.0\lib\net45\Google.Protobuf.dll".
      Reference found at search path location "{HintPathFromItem}".
      Found related file "C:\Users\johna\source\repos\POS_System\packages\Google.Protobuf.3.32.0\lib\net45\Google.Protobuf.pdb".
      Found related file "C:\Users\johna\source\repos\POS_System\packages\Google.Protobuf.3.32.0\lib\net45\Google.Protobuf.xml".
  Primary reference "K4os.Compression.LZ4, Version=1.3.8.0, Culture=neutral, PublicKeyToken=2186fa9121ef231d".
      Resolved file path is "C:\Users\johna\source\repos\POS_System\packages\K4os.Compression.LZ4.1.3.8\lib\net462\K4os.Compression.LZ4.dll".
      Reference found at search path location "{HintPathFromItem}".
      Found related file "C:\Users\johna\source\repos\POS_System\packages\K4os.Compression.LZ4.1.3.8\lib\net462\K4os.Compression.LZ4.xml".
  Primary reference "K4os.Hash.xxHash, Version=1.0.8.0, Culture=neutral, PublicKeyToken=32cd54395057cec3".
      Resolved file path is "C:\Users\johna\source\repos\POS_System\packages\K4os.Hash.xxHash.1.0.8\lib\net462\K4os.Hash.xxHash.dll".
      Reference found at search path location "{HintPathFromItem}".
      Found related file "C:\Users\johna\source\repos\POS_System\packages\K4os.Hash.xxHash.1.0.8\lib\net462\K4os.Hash.xxHash.xml".
  Primary reference "System, Version=4.0.0.0, Culture=neutral, PublicKeyToken=b77a5c561934e089".
      Resolved file path is "C:\Program Files (x86)\Reference Assemblies\Microsoft\Framework\.NETFramework\v4.7.2\System.dll".
      Reference found at search path location "{TargetFrameworkDirectory}".
          For SearchPath "{TargetFrameworkDirectory}".
          Considered "C:\Program Files (x86)\Reference Assemblies\Microsoft\Framework\.NETFramework\v4.7.2\System.winmd", but it didn't exist.
      This reference is not "CopyLocal" because it's a prerequisite file.
  Primary reference "System.Buffers, Version=4.0.3.0, Culture=neutral, PublicKeyToken=cc7b13ffcd2ddd51".
      Resolved file path is "C:\Users\johna\source\repos\POS_System\packages\System.Buffers.4.5.1\lib\net461\System.Buffers.dll".
      Reference found at search path location "{HintPathFromItem}".
      Found related file "C:\Users\johna\source\repos\POS_System\packages\System.Buffers.4.5.1\lib\net461\System.Buffers.xml".
  Primary reference "System.Configuration, Version=4.0.0.0, Culture=neutral, PublicKeyToken=b03f5f7f11d50a3a".
      Resolved file path is "C:\Program Files (x86)\Reference Assemblies\Microsoft\Framework\.NETFramework\v4.7.2\System.Configuration.dll".
      Reference found at search path location "{TargetFrameworkDirectory}".
          For SearchPath "{TargetFrameworkDirectory}".
          Considered "C:\Program Files (x86)\Reference Assemblies\Microsoft\Framework\.NETFramework\v4.7.2\System.Configuration.winmd", but it didn't exist.
      This reference is not "CopyLocal" because it's a prerequisite file.
  Primary reference "System.Configuration.ConfigurationManager, Version=8.0.0.0, Culture=neutral, PublicKeyToken=cc7b13ffcd2ddd51".
      Resolved file path is "C:\Users\johna\source\repos\POS_System\packages\System.Configuration.ConfigurationManager.8.0.0\lib\net462\System.Configuration.ConfigurationManager.dll".
      Reference found at search path location "{HintPathFromItem}".
      Found related file "C:\Users\johna\source\repos\POS_System\packages\System.Configuration.ConfigurationManager.8.0.0\lib\net462\System.Configuration.ConfigurationManager.xml".
  Primary reference "System.DirectoryServices, Version=4.0.0.0, Culture=neutral, PublicKeyToken=b03f5f7f11d50a3a".
      Resolved file path is "C:\Program Files (x86)\Reference Assemblies\Microsoft\Framework\.NETFramework\v4.7.2\System.DirectoryServices.dll".
      Reference found at search path location "{TargetFrameworkDirectory}".
          For SearchPath "{TargetFrameworkDirectory}".
          Considered "C:\Program Files (x86)\Reference Assemblies\Microsoft\Framework\.NETFramework\v4.7.2\System.DirectoryServices.winmd", but it didn't exist.
      This reference is not "CopyLocal" because it's a prerequisite file.
  Unified primary reference "System.Memory, Version=4.0.1.2, Culture=neutral, PublicKeyToken=cc7b13ffcd2ddd51".
      Using this version instead of original version "4.0.1.1" in "C:\Users\johna\source\repos\POS_System\packages\Google.Protobuf.3.32.0\lib\net45\Google.Protobuf.dll" because AutoUnify is 'true'.
      Using this version instead of original version "4.0.1.1" in "C:\Users\johna\source\repos\POS_System\packages\System.IO.Pipelines.5.0.2\lib\net461\System.IO.Pipelines.dll" because AutoUnify is 'true'.
      Resolved file path is "C:\Users\johna\source\repos\POS_System\packages\System.Memory.4.5.5\lib\net461\System.Memory.dll".
      Reference found at search path location "{HintPathFromItem}".
      Found related file "C:\Users\johna\source\repos\POS_System\packages\System.Memory.4.5.5\lib\net461\System.Memory.xml".
  Primary reference "System.Numerics, Version=4.0.0.0, Culture=neutral, PublicKeyToken=b77a5c561934e089".
      Resolved file path is "C:\Program Files (x86)\Reference Assemblies\Microsoft\Framework\.NETFramework\v4.7.2\System.Numerics.dll".
      Reference found at search path location "{TargetFrameworkDirectory}".
          For SearchPath "{TargetFrameworkDirectory}".
          Considered "C:\Program Files (x86)\Reference Assemblies\Microsoft\Framework\.NETFramework\v4.7.2\System.Numerics.winmd", but it didn't exist.
      This reference is not "CopyLocal" because it's a prerequisite file.
  Primary reference "System.Numerics.Vectors, Version=4.1.4.0, Culture=neutral, PublicKeyToken=b03f5f7f11d50a3a".
      Resolved file path is "C:\Users\johna\source\repos\POS_System\packages\System.Numerics.Vectors.4.5.0\lib\net46\System.Numerics.Vectors.dll".
      Reference found at search path location "{HintPathFromItem}".
      Found related file "C:\Users\johna\source\repos\POS_System\packages\System.Numerics.Vectors.4.5.0\lib\net46\System.Numerics.Vectors.xml".
  Unified primary reference "System.Runtime.CompilerServices.Unsafe, Version=6.0.0.0, Culture=neutral, PublicKeyToken=b03f5f7f11d50a3a".
      Using this version instead of original version "4.0.4.1" in "C:\Users\johna\source\repos\POS_System\packages\Google.Protobuf.3.32.0\lib\net45\Google.Protobuf.dll" because AutoUnify is 'true'.
      Using this version instead of original version "4.0.4.1" in "C:\Users\johna\source\repos\POS_System\packages\System.Memory.4.5.5\lib\net461\System.Memory.dll" because AutoUnify is 'true'.
      Using this version instead of original version "4.0.4.1" in "C:\Users\johna\source\repos\POS_System\packages\System.Threading.Tasks.Extensions.4.5.4\lib\net461\System.Threading.Tasks.Extensions.dll" because AutoUnify is 'true'.
      Resolved file path is "C:\Users\johna\source\repos\POS_System\packages\System.Runtime.CompilerServices.Unsafe.6.0.0\lib\net461\System.Runtime.CompilerServices.Unsafe.dll".
      Reference found at search path location "{HintPathFromItem}".
      Found related file "C:\Users\johna\source\repos\POS_System\packages\System.Runtime.CompilerServices.Unsafe.6.0.0\lib\net461\System.Runtime.CompilerServices.Unsafe.xml".
  Primary reference "System.Windows.Forms.DataVisualization, Version=4.0.0.0, Culture=neutral, PublicKeyToken=31bf3856ad364e35".
      Resolved file path is "C:\Program Files (x86)\Reference Assemblies\Microsoft\Framework\.NETFramework\v4.7.2\System.Windows.Forms.DataVisualization.dll".
      Reference found at search path location "{TargetFrameworkDirectory}".
          For SearchPath "{TargetFrameworkDirectory}".
          Considered "C:\Program Files (x86)\Reference Assemblies\Microsoft\Framework\.NETFramework\v4.7.2\System.Windows.Forms.DataVisualization.winmd", but it didn't exist.
      This reference is not "CopyLocal" because it's a prerequisite file.
  Primary reference "System.Xml.Linq, Version=4.0.0.0, Culture=neutral, PublicKeyToken=b77a5c561934e089".
      Resolved file path is "C:\Program Files (x86)\Reference Assemblies\Microsoft\Framework\.NETFramework\v4.7.2\System.Xml.Linq.dll".
      Reference found at search path location "{TargetFrameworkDirectory}".
          For SearchPath "{TargetFrameworkDirectory}".
          Considered "C:\Program Files (x86)\Reference Assemblies\Microsoft\Framework\.NETFramework\v4.7.2\System.Xml.Linq.winmd", but it didn't exist.
      This reference is not "CopyLocal" because it's a prerequisite file.
  Primary reference "System.Data.DataSetExtensions, Version=4.0.0.0, Culture=neutral, PublicKeyToken=b77a5c561934e089".
      Resolved file path is "C:\Program Files (x86)\Reference Assemblies\Microsoft\Framework\.NETFramework\v4.7.2\System.Data.DataSetExtensions.dll".
      Reference found at search path location "{TargetFrameworkDirectory}".
          For SearchPath "{TargetFrameworkDirectory}".
          Considered "C:\Program Files (x86)\Reference Assemblies\Microsoft\Framework\.NETFramework\v4.7.2\System.Data.DataSetExtensions.winmd", but it didn't exist.
      This reference is not "CopyLocal" because it's a prerequisite file.
  Primary reference "Microsoft.CSharp, Version=4.0.0.0, Culture=neutral, PublicKeyToken=b03f5f7f11d50a3a".
      Resolved file path is "C:\Program Files (x86)\Reference Assemblies\Microsoft\Framework\.NETFramework\v4.7.2\Microsoft.CSharp.dll".
      Reference found at search path location "{TargetFrameworkDirectory}".
          For SearchPath "{TargetFrameworkDirectory}".
          Considered "C:\Program Files (x86)\Reference Assemblies\Microsoft\Framework\.NETFramework\v4.7.2\Microsoft.CSharp.winmd", but it didn't exist.
      This reference is not "CopyLocal" because it's a prerequisite file.
  Primary reference "System.Data, Version=4.0.0.0, Culture=neutral, PublicKeyToken=b77a5c561934e089".
      Resolved file path is "C:\Program Files (x86)\Reference Assemblies\Microsoft\Framework\.NETFramework\v4.7.2\System.Data.dll".
      Reference found at search path location "{TargetFrameworkDirectory}".
          For SearchPath "{TargetFrameworkDirectory}".
          Considered "C:\Program Files (x86)\Reference Assemblies\Microsoft\Framework\.NETFramework\v4.7.2\System.Data.winmd", but it didn't exist.
      This reference is not "CopyLocal" because it's a prerequisite file.
  Primary reference "System.Deployment, Version=4.0.0.0, Culture=neutral, PublicKeyToken=b03f5f7f11d50a3a".
      Resolved file path is "C:\Program Files (x86)\Reference Assemblies\Microsoft\Framework\.NETFramework\v4.7.2\System.Deployment.dll".
      Reference found at search path location "{TargetFrameworkDirectory}".
          For SearchPath "{TargetFrameworkDirectory}".
          Considered "C:\Program Files (x86)\Reference Assemblies\Microsoft\Framework\.NETFramework\v4.7.2\System.Deployment.winmd", but it didn't exist.
      This reference is not "CopyLocal" because it's a prerequisite file.
  Primary reference "System.Drawing, Version=4.0.0.0, Culture=neutral, PublicKeyToken=b03f5f7f11d50a3a".
      Resolved file path is "C:\Program Files (x86)\Reference Assemblies\Microsoft\Framework\.NETFramework\v4.7.2\System.Drawing.dll".
      Reference found at search path location "{TargetFrameworkDirectory}".
          For SearchPath "{TargetFrameworkDirectory}".
          Considered "C:\Program Files (x86)\Reference Assemblies\Microsoft\Framework\.NETFramework\v4.7.2\System.Drawing.winmd", but it didn't exist.
      This reference is not "CopyLocal" because it's a prerequisite file.
  Primary reference "System.Net.Http, Version=4.2.0.0, Culture=neutral, PublicKeyToken=b03f5f7f11d50a3a".
      Resolved file path is "C:\Program Files (x86)\Reference Assemblies\Microsoft\Framework\.NETFramework\v4.7.2\System.Net.Http.dll".
      Reference found at search path location "{TargetFrameworkDirectory}".
          For SearchPath "{TargetFrameworkDirectory}".
          Considered "C:\Program Files (x86)\Reference Assemblies\Microsoft\Framework\.NETFramework\v4.7.2\System.Net.Http.winmd", but it didn't exist.
      This reference is not "CopyLocal" because it's a prerequisite file.
  Primary reference "System.Windows.Forms, Version=4.0.0.0, Culture=neutral, PublicKeyToken=b77a5c561934e089".
      Resolved file path is "C:\Program Files (x86)\Reference Assemblies\Microsoft\Framework\.NETFramework\v4.7.2\System.Windows.Forms.dll".
      Reference found at search path location "{TargetFrameworkDirectory}".
          For SearchPath "{TargetFrameworkDirectory}".
          Considered "C:\Program Files (x86)\Reference Assemblies\Microsoft\Framework\.NETFramework\v4.7.2\System.Windows.Forms.winmd", but it didn't exist.
      This reference is not "CopyLocal" because it's a prerequisite file.
  Primary reference "System.Xml, Version=4.0.0.0, Culture=neutral, PublicKeyToken=b77a5c561934e089".
      Resolved file path is "C:\Program Files (x86)\Reference Assemblies\Microsoft\Framework\.NETFramework\v4.7.2\System.Xml.dll".
      Reference found at search path location "{TargetFrameworkDirectory}".
          For SearchPath "{TargetFrameworkDirectory}".
          Considered "C:\Program Files (x86)\Reference Assemblies\Microsoft\Framework\.NETFramework\v4.7.2\System.Xml.winmd", but it didn't exist.
      This reference is not "CopyLocal" because it's a prerequisite file.
  Primary reference "Microsoft.Bcl.AsyncInterfaces, Version=5.0.0.0, Culture=neutral, PublicKeyToken=cc7b13ffcd2ddd51".
      Resolved file path is "C:\Users\johna\source\repos\POS_System\packages\Microsoft.Bcl.AsyncInterfaces.5.0.0\lib\net461\Microsoft.Bcl.AsyncInterfaces.dll".
      Reference found at search path location "{HintPathFromItem}".
      Found related file "C:\Users\johna\source\repos\POS_System\packages\Microsoft.Bcl.AsyncInterfaces.5.0.0\lib\net461\Microsoft.Bcl.AsyncInterfaces.xml".
  Primary reference "MySql.Data, Version=9.5.0.0, Culture=neutral, PublicKeyToken=c5687fc88969c44d".
      Resolved file path is "C:\Users\johna\source\repos\POS_System\packages\MySql.Data.9.5.0\lib\net462\MySql.Data.dll".
      Reference found at search path location "{HintPathFromItem}".
      Found related file "C:\Users\johna\source\repos\POS_System\packages\MySql.Data.9.5.0\lib\net462\MySql.Data.xml".
  Primary reference "System.IO.Pipelines, Version=5.0.0.2, Culture=neutral, PublicKeyToken=cc7b13ffcd2ddd51".
      Resolved file path is "C:\Users\johna\source\repos\POS_System\packages\System.IO.Pipelines.5.0.2\lib\net461\System.IO.Pipelines.dll".
      Reference found at search path location "{HintPathFromItem}".
      Found related file "C:\Users\johna\source\repos\POS_System\packages\System.IO.Pipelines.5.0.2\lib\net461\System.IO.Pipelines.xml".
  Primary reference "System.Threading.Tasks.Extensions, Version=4.2.0.1, Culture=neutral, PublicKeyToken=cc7b13ffcd2ddd51".
      Resolved file path is "C:\Users\johna\source\repos\POS_System\packages\System.Threading.Tasks.Extensions.4.5.4\lib\net461\System.Threading.Tasks.Extensions.dll".
      Reference found at search path location "{HintPathFromItem}".
      Found related file "C:\Users\johna\source\repos\POS_System\packages\System.Threading.Tasks.Extensions.4.5.4\lib\net461\System.Threading.Tasks.Extensions.xml".
  Primary reference "ZstdSharp, Version=0.8.6.0, Culture=neutral, PublicKeyToken=8d151af33a4ad5cf".
      Resolved file path is "C:\Users\johna\source\repos\POS_System\packages\ZstdSharp.Port.0.8.6\lib\net462\ZstdSharp.dll".
      Reference found at search path location "{HintPathFromItem}".
  Primary reference "System.Core, Version=4.0.0.0, Culture=neutral, PublicKeyToken=b77a5c561934e089".
      Resolved file path is "C:\Program Files (x86)\Reference Assemblies\Microsoft\Framework\.NETFramework\v4.7.2\System.Core.dll".
      Reference found at search path location "{TargetFrameworkDirectory}".
          For SearchPath "{TargetFrameworkDirectory}".
          Considered "C:\Program Files (x86)\Reference Assemblies\Microsoft\Framework\.NETFramework\v4.7.2\System.Core.winmd", but it didn't exist.
      This reference is not "CopyLocal" because it's a prerequisite file.
  Dependency "K4os.Compression.LZ4.Streams, Version=1.3.8.0, Culture=neutral, PublicKeyToken=2186fa9121ef231d".
      Could not resolve this reference. Could not locate the assembly "K4os.Compression.LZ4.Streams, Version=1.3.8.0, Culture=neutral, PublicKeyToken=2186fa9121ef231d". Check to make sure the assembly exists on disk. If this reference is required by your code, you may get compilation errors.
          For SearchPath "C:\Users\johna\source\repos\POS_System\packages\MySql.Data.9.5.0\lib\net462" (added by referencing assembly "C:\Users\johna\source\repos\POS_System\packages\MySql.Data.9.5.0\lib\net462\MySql.Data.dll").
          Considered "C:\Users\johna\source\repos\POS_System\packages\MySql.Data.9.5.0\lib\net462\K4os.Compression.LZ4.Streams.winmd", but it didn't exist.
          Considered "C:\Users\johna\source\repos\POS_System\packages\MySql.Data.9.5.0\lib\net462\K4os.Compression.LZ4.Streams.dll", but it didn't exist.
          Considered "C:\Users\johna\source\repos\POS_System\packages\MySql.Data.9.5.0\lib\net462\K4os.Compression.LZ4.Streams.exe", but it didn't exist.
          For SearchPath "{TargetFrameworkDirectory}".
          Considered "C:\Program Files (x86)\Reference Assemblies\Microsoft\Framework\.NETFramework\v4.7.2\K4os.Compression.LZ4.Streams.winmd", but it didn't exist.
          Considered "C:\Program Files (x86)\Reference Assemblies\Microsoft\Framework\.NETFramework\v4.7.2\K4os.Compression.LZ4.Streams.dll", but it didn't exist.
          Considered "C:\Program Files (x86)\Reference Assemblies\Microsoft\Framework\.NETFramework\v4.7.2\K4os.Compression.LZ4.Streams.exe", but it didn't exist.
          Considered "C:\Program Files (x86)\Reference Assemblies\Microsoft\Framework\.NETFramework\v4.7.2\Facades\K4os.Compression.LZ4.Streams.winmd", but it didn't exist.
          Considered "C:\Program Files (x86)\Reference Assemblies\Microsoft\Framework\.NETFramework\v4.7.2\Facades\K4os.Compression.LZ4.Streams.dll", but it didn't exist.
          Considered "C:\Program Files (x86)\Reference Assemblies\Microsoft\Framework\.NETFramework\v4.7.2\Facades\K4os.Compression.LZ4.Streams.exe", but it didn't exist.
          For SearchPath "{AssemblyFoldersFromConfig:C:\Program Files\Microsoft Visual Studio\2022\Community\MSBuild\Current\Bin\AssemblyFolders.config,v4.7.2}".
          Considered "C:\Program Files\Microsoft Visual Studio\2022\Community\Common7\IDE\Extensions\Microsoft\SqlDb\K4os.Compression.LZ4.Streams.winmd", but it didn't exist.
          Considered "C:\Program Files\Microsoft Visual Studio\2022\Community\Common7\IDE\Extensions\Microsoft\SqlDb\K4os.Compression.LZ4.Streams.dll", but it didn't exist.
          Considered "C:\Program Files\Microsoft Visual Studio\2022\Community\Common7\IDE\Extensions\Microsoft\SqlDb\K4os.Compression.LZ4.Streams.exe", but it didn't exist.
          Considered "C:\Program Files\Microsoft Visual Studio\2022\Community\Common7\IDE\PublicAssemblies\K4os.Compression.LZ4.Streams.winmd", but it didn't exist.
          Considered "C:\Program Files\Microsoft Visual Studio\2022\Community\Common7\IDE\PublicAssemblies\K4os.Compression.LZ4.Streams.dll", but it didn't exist.
          Considered "C:\Program Files\Microsoft Visual Studio\2022\Community\Common7\IDE\PublicAssemblies\K4os.Compression.LZ4.Streams.exe", but it didn't exist.
          Considered "C:\Program Files\Microsoft Visual Studio\2022\Community\Common7\IDE\ReferenceAssemblies\v4.5\K4os.Compression.LZ4.Streams.winmd", but it didn't exist.
          Considered "C:\Program Files\Microsoft Visual Studio\2022\Community\Common7\IDE\ReferenceAssemblies\v4.5\K4os.Compression.LZ4.Streams.dll", but it didn't exist.
          Considered "C:\Program Files\Microsoft Visual Studio\2022\Community\Common7\IDE\ReferenceAssemblies\v4.5\K4os.Compression.LZ4.Streams.exe", but it didn't exist.
          Considered "C:\Program Files\Microsoft Visual Studio\2022\Community\Common7\IDE\ReferenceAssemblies\v4.0\K4os.Compression.LZ4.Streams.winmd", but it didn't exist.
          Considered "C:\Program Files\Microsoft Visual Studio\2022\Community\Common7\IDE\ReferenceAssemblies\v4.0\K4os.Compression.LZ4.Streams.dll", but it didn't exist.
          Considered "C:\Program Files\Microsoft Visual Studio\2022\Community\Common7\IDE\ReferenceAssemblies\v4.0\K4os.Compression.LZ4.Streams.exe", but it didn't exist.
          Considered "C:\Program Files\Microsoft Visual Studio\2022\Community\Common7\IDE\ReferenceAssemblies\v2.0\K4os.Compression.LZ4.Streams.winmd", but it didn't exist.
          Considered "C:\Program Files\Microsoft Visual Studio\2022\Community\Common7\IDE\ReferenceAssemblies\v2.0\K4os.Compression.LZ4.Streams.dll", but it didn't exist.
          Considered "C:\Program Files\Microsoft Visual Studio\2022\Community\Common7\IDE\ReferenceAssemblies\v2.0\K4os.Compression.LZ4.Streams.exe", but it didn't exist.
          For SearchPath "{Registry:Software\Microsoft\.NETFramework,v4.7.2,AssemblyFoldersEx}".
          Considered AssemblyFoldersEx locations.
          For SearchPath "{AssemblyFolders}".
          Considered "C:\Program Files\IIS\Microsoft Web Deploy V3\K4os.Compression.LZ4.Streams.winmd", but it didn't exist.
          Considered "C:\Program Files\IIS\Microsoft Web Deploy V3\K4os.Compression.LZ4.Streams.dll", but it didn't exist.
          Considered "C:\Program Files\IIS\Microsoft Web Deploy V3\K4os.Compression.LZ4.Streams.exe", but it didn't exist.
          For SearchPath "{GAC}".
          Considered "K4os.Compression.LZ4.Streams, Version=1.3.8.0, Culture=neutral, PublicKeyToken=2186fa9121ef231d", which was not found in the GAC.
          For SearchPath "bin\Debug\".
          Considered "bin\Debug\K4os.Compression.LZ4.Streams.winmd", but it didn't exist.
          Considered "bin\Debug\K4os.Compression.LZ4.Streams.dll", but it didn't exist.
          Considered "bin\Debug\K4os.Compression.LZ4.Streams.exe", but it didn't exist.
      Required by "MySql.Data, Version=9.5.0.0, Culture=neutral, PublicKeyToken=c5687fc88969c44d, processorArchitecture=MSIL".
  Dependency "System.Transactions, Version=4.0.0.0, Culture=neutral, PublicKeyToken=b77a5c561934e089".
      Resolved file path is "C:\Program Files (x86)\Reference Assemblies\Microsoft\Framework\.NETFramework\v4.7.2\System.Transactions.dll".
      Reference found at search path location "{TargetFrameworkDirectory}".
          For SearchPath "C:\Users\johna\source\repos\POS_System\packages\MySql.Data.9.5.0\lib\net462" (added by referencing assembly "C:\Users\johna\source\repos\POS_System\packages\MySql.Data.9.5.0\lib\net462\MySql.Data.dll").
          Considered "C:\Users\johna\source\repos\POS_System\packages\MySql.Data.9.5.0\lib\net462\System.Transactions.winmd", but it didn't exist.
          Considered "C:\Users\johna\source\repos\POS_System\packages\MySql.Data.9.5.0\lib\net462\System.Transactions.dll", but it didn't exist.
          Considered "C:\Users\johna\source\repos\POS_System\packages\MySql.Data.9.5.0\lib\net462\System.Transactions.exe", but it didn't exist.
          For SearchPath "{TargetFrameworkDirectory}".
          Considered "C:\Program Files (x86)\Reference Assemblies\Microsoft\Framework\.NETFramework\v4.7.2\System.Transactions.winmd", but it didn't exist.
      Required by "MySql.Data, Version=9.5.0.0, Culture=neutral, PublicKeyToken=c5687fc88969c44d, processorArchitecture=MSIL".
      This reference is not "CopyLocal" because it's a prerequisite file.
  AssemblyFoldersEx location: "{Registry:Software\Microsoft\.NETFramework,v4.7.2,AssemblyFoldersEx}"
          C:\Program Files (x86)\Microsoft.NET\Primary Interop Assemblies\
          C:\Program Files (x86)\Common Files\Microsoft Shared\MSEnv\PublicAssemblies
          C:\Program Files (x86)\Microsoft Chart Controls\Assemblies
Done executing task "ResolveAssemblyReference".
Done building target "ResolveAssemblyReferences" in project "POS_System.csproj".
Target "GenerateBindingRedirects" skipped, due to false condition; ('$(AutoGenerateBindingRedirects)' == 'true' and '$(GenerateBindingRedirectsOutputType)' == 'true' and '@(SuggestedBindingRedirects)' != '' and '$(DesignTimeBuild)' != 'true' and '$(BuildingProject)' == 'true') was evaluated as ('true' == 'true' and 'true' == 'true' and '' != '' and '' != 'true' and 'true' == 'true').
Target "ResolveAssemblyReferences" skipped. Previously built successfully.
Target "_RemoveZipFileSuggestedRedirect" in file "C:\Program Files\Microsoft Visual Studio\2022\Community\MSBuild\Microsoft\Microsoft.NET.Build.Extensions\Microsoft.NET.Build.Extensions.NETFramework.targets" from project "C:\Users\johna\source\repos\POS_System\POS_System\POS_System.csproj" (target "GenerateBindingRedirects" depends on it):
Done building target "_RemoveZipFileSuggestedRedirect" in project "POS_System.csproj".
Target "GenerateBindingRedirectsUpdateAppConfig" in file "C:\Program Files\Microsoft Visual Studio\2022\Community\MSBuild\Current\Bin\Microsoft.Common.CurrentVersion.targets" from project "C:\Users\johna\source\repos\POS_System\POS_System\POS_System.csproj" (target "ResolveReferences" depends on it):
C:\Program Files\Microsoft Visual Studio\2022\Community\MSBuild\Current\Bin\Microsoft.Common.CurrentVersion.targets(2579,7): message : Property reassignment: $(AppConfig)="obj\Debug\POS_System.exe.config" (previous value: "App.config") at C:\Program Files\Microsoft Visual Studio\2022\Community\MSBuild\Current\Bin\Microsoft.Common.CurrentVersion.targets (2579,7) [C:\Users\johna\source\repos\POS_System\POS_System\POS_System.csproj]
Using "Copy" task from assembly "Microsoft.Build.Tasks.Core, Version=15.1.0.0, Culture=neutral, PublicKeyToken=b03f5f7f11d50a3a".
Task "Copy"
  Copying file from "C:\Users\johna\source\repos\POS_System\POS_System\App.config" to "C:\Users\johna\source\repos\POS_System\POS_System\obj\Debug\POS_System.exe.config".
Done executing task "Copy".
Using "Touch" task from assembly "Microsoft.Build.Tasks.Core, Version=15.1.0.0, Culture=neutral, PublicKeyToken=b03f5f7f11d50a3a".
Task "Touch"
  Touching "obj\Debug\POS_System.exe.config".
Done executing task "Touch".
Done building target "GenerateBindingRedirectsUpdateAppConfig" in project "POS_System.csproj".
Target "ResolveComReferences" skipped, due to false condition; ('@(COMReference)'!='' or '@(COMFileReference)'!='') was evaluated as (''!='' or ''!='').
Target "AfterResolveReferences" in file "C:\Program Files\Microsoft Visual Studio\2022\Community\MSBuild\Current\Bin\Microsoft.Common.CurrentVersion.targets" from project "C:\Users\johna\source\repos\POS_System\POS_System\POS_System.csproj" (target "ResolveReferences" depends on it):
Done building target "AfterResolveReferences" in project "POS_System.csproj".
Target "GetReferenceAssemblyPaths" skipped. Previously built successfully.
Target "ImplicitlyExpandDesignTimeFacades" in file "C:\Program Files\Microsoft Visual Studio\2022\Community\MSBuild\Current\Bin\Microsoft.NETFramework.CurrentVersion.targets" from project "C:\Users\johna\source\repos\POS_System\POS_System\POS_System.csproj" (target "ResolveReferences" depends on it):
Done building target "ImplicitlyExpandDesignTimeFacades" in project "POS_System.csproj".
Target "ResolveTestReferences" skipped, due to false condition; ('@(Shadow)'!='') was evaluated as (''!='').
Target "ResolveReferences" in file "C:\Program Files\Microsoft Visual Studio\2022\Community\MSBuild\Current\Bin\Microsoft.Common.CurrentVersion.targets" from project "C:\Users\johna\source\repos\POS_System\POS_System\POS_System.csproj" (target "CoreBuild" depends on it):
Done building target "ResolveReferences" in project "POS_System.csproj".
Target "ResolveNuGetPackageAssets" skipped, due to false condition; ('$(ResolveNuGetPackages)' == 'true' and exists('$(ProjectLockFile)')) was evaluated as ('true' == 'true' and exists('obj\project.assets.json')).
Target "ValidationExtension" in file "C:\WINDOWS\Microsoft.NET\Framework\v4.0.30319\Microsoft.WorkflowBuildExtensions.targets" from project "C:\Users\johna\source\repos\POS_System\POS_System\POS_System.csproj" (target "PrepareResources" depends on it):
Task "WorkflowBuildMessageTask" skipped, due to false condition; ('$(SkipWorkflowValidation)'!='' and '$(SkipWorkflowValidation)'!='true' and '$(SkipWorkflowValidation)'!='false') was evaluated as (''!='' and ''!='true' and ''!='false').
Done building target "ValidationExtension" in project "POS_System.csproj".
Target "ExpressionBuildExtension" in file "C:\WINDOWS\Microsoft.NET\Framework\v4.0.30319\Microsoft.WorkflowBuildExtensions.targets" from project "C:\Users\johna\source\repos\POS_System\POS_System\POS_System.csproj" (target "PrepareResources" depends on it):
Task "WorkflowBuildMessageTask" skipped, due to false condition; ('$(DisableWorkflowCompiledExpressions)'!='' and '$(DisableWorkflowCompiledExpressions)'!='true' and '$(DisableWorkflowCompiledExpressions)'!='false') was evaluated as (''!='' and ''!='true' and ''!='false').
Done building target "ExpressionBuildExtension" in project "POS_System.csproj".
Target "XamlMarkupCompilePass1" skipped, due to false condition; ('@(XamlPage)' != '' or '@(XamlAppDef)' != '') was evaluated as ('' != '' or '' != '').
Target "XamlMarkupCompileReadGeneratedFileList" skipped, due to false condition; ('@(XamlPage)' != '' or '@(XamlAppDef)' != '') was evaluated as ('' != '' or '' != '').
Target "XamlMarkupCompileAddFilesGenerated" skipped, due to false condition; ('@(XamlPage)' != '' or '@(XamlAppDef)' != '') was evaluated as ('' != '' or '' != '').
Target "XamlMarkupCompilePass2" skipped, due to false condition; ('$(XamlRequiresCompilationPass2)' == 'true' ) was evaluated as ('false' == 'true' ).
Target "XamlMarkupCompileReadPass2Flag" skipped, due to false condition; ('@(XamlPage)' != '' or '@(XamlAppDef)' != '') was evaluated as ('' != '' or '' != '').
Target "XamlMarkupCompileAddExtensionFilesGenerated" skipped, due to false condition; ('@(XamlPage)' != '' or '@(XamlAppDef)' != '') was evaluated as ('' != '' or '' != '').
Target "AddDeferredValidationErrorsFileToFileWrites" skipped, due to false condition; (Exists('$(DeferredValidationErrorsFileName)')) was evaluated as (Exists('obj\Debug\\AC2C1ABA-CCF6-44D4-8127-588FD4D0A860-DeferredValidationErrors.xml')).
Target "ReportValidationBuildExtensionErrors" skipped, due to false condition; ('$(SkipWorkflowValidation)' != 'true' and ('@(XamlPage)' != '' or '@(XamlAppDef)' != '')) was evaluated as ('' != 'true' and ('' != '' or '' != '')).
Target "MarkupCompilePass1" skipped, due to false condition; ('@(Page)' != '' or '@(ApplicationDefinition)' != '' ) was evaluated as ('' != '' or '' != '' ).
Target "AfterMarkupCompilePass1" in file "C:\WINDOWS\Microsoft.NET\Framework\v4.0.30319\Microsoft.WinFx.targets" from project "C:\Users\johna\source\repos\POS_System\POS_System\POS_System.csproj" (target "PrepareResources" depends on it):
Done building target "AfterMarkupCompilePass1" in project "POS_System.csproj".
Target "MarkupCompilePass2ForMainAssembly" skipped, due to false condition; ('$(_RequireMCPass2ForMainAssembly)' == 'true' ) was evaluated as ('false' == 'true' ).
Target "FileClassification" in file "C:\WINDOWS\Microsoft.NET\Framework\v4.0.30319\Microsoft.WinFx.targets" from project "C:\Users\johna\source\repos\POS_System\POS_System\POS_System.csproj" (target "PrepareResources" depends on it):
Task "FileClassifier" skipped, due to false condition; ('@(GeneratedBaml)' != '' or '@(Resource)' != '' or '@(Font)' != '') was evaluated as ('' != '' or '' != '' or '' != '').
Task "Message" skipped, due to false condition; ('$(MSBuildTargetsVerbose)'=='true') was evaluated as (''=='true').
Task "Message" skipped, due to false condition; ('$(MSBuildTargetsVerbose)'=='true') was evaluated as (''=='true').
Done building target "FileClassification" in project "POS_System.csproj".
Target "MainResourcesGeneration" skipped, due to false condition; ('@(MainEmbeddedFiles)' != '') was evaluated as ('' != '').
Target "AssignWinFXEmbeddedResource" skipped, due to false condition; ('@(WinFXEmbeddedResource)' != '') was evaluated as ('' != '').
Target "CopyAdditionalFiles" in file "C:\Program Files\Microsoft Visual Studio\2022\Community\MSBuild\Current\Bin\Roslyn\Microsoft.Managed.Core.targets" from project "C:\Users\johna\source\repos\POS_System\POS_System\POS_System.csproj" (target "AssignTargetPaths" depends on it):
Done building target "CopyAdditionalFiles" in project "POS_System.csproj".
Target "AssignTargetPaths" in file "C:\Program Files\Microsoft Visual Studio\2022\Community\MSBuild\Current\Bin\Microsoft.Common.CurrentVersion.targets" from project "C:\Users\johna\source\repos\POS_System\POS_System\POS_System.csproj" (target "PrepareResourceNames" depends on it):
Using "AssignTargetPath" task from assembly "Microsoft.Build.Tasks.Core, Version=15.1.0.0, Culture=neutral, PublicKeyToken=b03f5f7f11d50a3a".
Task "AssignTargetPath"
Done executing task "AssignTargetPath".
Task "AssignTargetPath"
Done executing task "AssignTargetPath".
Task "AssignTargetPath"
Done executing task "AssignTargetPath".
Task "AssignTargetPath"
Done executing task "AssignTargetPath".
Task "AssignTargetPath" skipped, due to false condition; ('@(_DeploymentBaseManifestWithTargetPath)'=='' and '%(None.Extension)'=='.manifest') was evaluated as (''=='' and '.config'=='.manifest').
Task "AssignTargetPath" skipped, due to false condition; ('@(_DeploymentBaseManifestWithTargetPath)'=='' and '%(None.Extension)'=='.manifest') was evaluated as (''=='' and '.settings'=='.manifest').
Done building target "AssignTargetPaths" in project "POS_System.csproj".
Target "AssignTargetPaths" skipped. Previously built successfully.
Target "SplitResourcesByCulture" in file "C:\Program Files\Microsoft Visual Studio\2022\Community\MSBuild\Current\Bin\Microsoft.Common.CurrentVersion.targets" from project "C:\Users\johna\source\repos\POS_System\POS_System\POS_System.csproj" (target "PrepareResourceNames" depends on it):
Task "MSBuildInternalMessage" skipped, due to false condition; ('@(ResxWithNoCulture)'!='') was evaluated as (''!='').
Task "MSBuildInternalMessage" skipped, due to false condition; ('@(ResxWithCulture)'!='') was evaluated as (''!='').
Task "MSBuildInternalMessage" skipped, due to false condition; ('@(NonResxWithCulture)'!='') was evaluated as (''!='').
Task "MSBuildInternalMessage" skipped, due to false condition; ('@(NonResxWithNoCulture)'!='') was evaluated as (''!='').
Using "AssignCulture" task from assembly "Microsoft.Build.Tasks.Core, Version=15.1.0.0, Culture=neutral, PublicKeyToken=b03f5f7f11d50a3a".
Task "AssignCulture"
  Culture of "" was assigned to file "accounts.resx".
  Culture of "" was assigned to file "Administrator.resx".
  Culture of "" was assigned to file "Login.resx".
  Culture of "" was assigned to file "Low_Stock_Value_Reminder.resx".
  Culture of "" was assigned to file "POS.resx".
  Culture of "" was assigned to file "Properties\Resources.resx".
  Culture of "" was assigned to file "PurchasingSummary.resx".
  Culture of "" was assigned to file "receipt.resx".
  Culture of "" was assigned to file "stock.resx".
  Culture of "" was assigned to file "StockView.resx".
  Culture of "" was assigned to file "Admin.resx".
  Culture of "" was assigned to file "Supplier.resx".
  Culture of "" was assigned to file "Work_Station.resx".
Done executing task "AssignCulture".
Done building target "SplitResourcesByCulture" in project "POS_System.csproj".
Target "CreateManifestResourceNames" in file "C:\Program Files\Microsoft Visual Studio\2022\Community\MSBuild\Current\Bin\Microsoft.CSharp.CurrentVersion.targets" from project "C:\Users\johna\source\repos\POS_System\POS_System\POS_System.csproj" (target "PrepareResourceNames" depends on it):
Using "CreateCSharpManifestResourceName" task from assembly "Microsoft.Build.Tasks.Core, Version=15.1.0.0, Culture=neutral, PublicKeyToken=b03f5f7f11d50a3a".
Task "CreateCSharpManifestResourceName"
  Root namespace is 'POS_System'.
  Resource file 'accounts.resx' depends on 'accounts.cs'.
  Resource file 'accounts.resx' gets manifest resource name 'POS_System.accounts'.
  Resource file 'Administrator.resx' depends on 'Administrator.cs'.
  Resource file 'Administrator.resx' gets manifest resource name 'POS_System.Administrator'.
  Resource file 'Login.resx' depends on 'Login.cs'.
  Resource file 'Login.resx' gets manifest resource name 'POS_System.Login'.
  Resource file 'Low_Stock_Value_Reminder.resx' depends on 'Low_Stock_Value_Reminder.cs'.
  Resource file 'Low_Stock_Value_Reminder.resx' gets manifest resource name 'POS_System.Low_Stock_Value_Reminder'.
  Resource file 'POS.resx' depends on 'POS.cs'.
  Resource file 'POS.resx' gets manifest resource name 'POS_System.POS'.
  Resource file 'Properties\Resources.resx' doesn't depend on any other file.
  Resource file 'Properties\Resources.resx' gets manifest resource name 'POS_System.Properties.Resources'.
  Resource file 'PurchasingSummary.resx' depends on 'PurchasingSummary.cs'.
  Resource file 'PurchasingSummary.resx' gets manifest resource name 'POS_System.PurchasingSummary'.
  Resource file 'receipt.resx' depends on 'receipt.cs'.
  Resource file 'receipt.resx' gets manifest resource name 'POS_System.receipt'.
  Resource file 'stock.resx' depends on 'stock.cs'.
  Resource file 'stock.resx' gets manifest resource name 'POS_System.stock'.
  Resource file 'StockView.resx' depends on 'StockView.cs'.
  Resource file 'StockView.resx' gets manifest resource name 'POS_System.StockView'.
  Resource file 'Admin.resx' depends on 'Admin.cs'.
  Resource file 'Admin.resx' gets manifest resource name 'POS_System.void'.
  Resource file 'Supplier.resx' depends on 'Supplier.cs'.
  Resource file 'Supplier.resx' gets manifest resource name 'POS_System.Supplier'.
  Resource file 'Work_Station.resx' depends on 'Work_Station.cs'.
  Resource file 'Work_Station.resx' gets manifest resource name 'POS_System.Work_Station'.
Done executing task "CreateCSharpManifestResourceName".
Task "CreateCSharpManifestResourceName" skipped, due to false condition; ('%(EmbeddedResource.ManifestResourceName)' == '' and '%(EmbeddedResource.WithCulture)' == 'true' and '%(EmbeddedResource.Type)' == 'Non-Resx') was evaluated as ('' == '' and 'false' == 'true' and 'Resx' == 'Non-Resx').
Done building target "CreateManifestResourceNames" in project "POS_System.csproj".
Target "CreateCustomManifestResourceNames" in file "C:\Program Files\Microsoft Visual Studio\2022\Community\MSBuild\Current\Bin\Microsoft.Common.CurrentVersion.targets" from project "C:\Users\johna\source\repos\POS_System\POS_System\POS_System.csproj" (target "PrepareResourceNames" depends on it):
Done building target "CreateCustomManifestResourceNames" in project "POS_System.csproj".
Target "PrepareResourceNames" in file "C:\Program Files\Microsoft Visual Studio\2022\Community\MSBuild\Current\Bin\Microsoft.Common.CurrentVersion.targets" from project "C:\Users\johna\source\repos\POS_System\POS_System\POS_System.csproj" (target "PrepareResources" depends on it):
Done building target "PrepareResourceNames" in project "POS_System.csproj".
Target "ResolveAssemblyReferences" skipped. Previously built successfully.
Target "SplitResourcesByCulture" skipped. Previously built successfully.
Target "BeforeResGen" in file "C:\Program Files\Microsoft Visual Studio\2022\Community\MSBuild\Current\Bin\Microsoft.Common.CurrentVersion.targets" from project "C:\Users\johna\source\repos\POS_System\POS_System\POS_System.csproj" (target "ResGen" depends on it):
Done building target "BeforeResGen" in project "POS_System.csproj".
Target "ResolveReferences" skipped. Previously built successfully.
Target "FindReferenceAssembliesForReferences" in file "C:\Program Files\Microsoft Visual Studio\2022\Community\MSBuild\Current\Bin\Microsoft.Common.CurrentVersion.targets" from project "C:\Users\johna\source\repos\POS_System\POS_System\POS_System.csproj" (target "CoreResGen" depends on it):
Done building target "FindReferenceAssembliesForReferences" in project "POS_System.csproj".
Target "CoreResGen" in file "C:\Program Files\Microsoft Visual Studio\2022\Community\MSBuild\Current\Bin\Microsoft.Common.CurrentVersion.targets" from project "C:\Users\johna\source\repos\POS_System\POS_System\POS_System.csproj" (target "ResGen" depends on it):
Using "GenerateResource" task from assembly "Microsoft.Build.Tasks.Core, Version=15.1.0.0, Culture=neutral, PublicKeyToken=b03f5f7f11d50a3a".
Task "GenerateResource"
  No resources are out of date with respect to their source files. Skipping resource generation.
Done executing task "GenerateResource".
Task "GenerateResource" skipped, due to false condition; ('%(EmbeddedResource.Type)' == 'Resx' and '%(EmbeddedResource.GenerateResource)' != 'false' and '$(GenerateResourceMSBuildRuntime)' == 'CLR2') was evaluated as ('Resx' == 'Resx' and '' != 'false' and 'CurrentRuntime' == 'CLR2').
Done building target "CoreResGen" in project "POS_System.csproj".
Target "AfterResGen" in file "C:\Program Files\Microsoft Visual Studio\2022\Community\MSBuild\Current\Bin\Microsoft.Common.CurrentVersion.targets" from project "C:\Users\johna\source\repos\POS_System\POS_System\POS_System.csproj" (target "ResGen" depends on it):
Done building target "AfterResGen" in project "POS_System.csproj".
Target "ResGen" in file "C:\Program Files\Microsoft Visual Studio\2022\Community\MSBuild\Current\Bin\Microsoft.Common.CurrentVersion.targets" from project "C:\Users\johna\source\repos\POS_System\POS_System\POS_System.csproj" (target "PrepareResources" depends on it):
Done building target "ResGen" in project "POS_System.csproj".
Target "CompileLicxFiles" skipped, due to false condition; ('@(_LicxFile)'!='') was evaluated as (''!='').
Target "PrepareResources" in file "C:\Program Files\Microsoft Visual Studio\2022\Community\MSBuild\Current\Bin\Microsoft.Common.CurrentVersion.targets" from project "C:\Users\johna\source\repos\POS_System\POS_System\POS_System.csproj" (target "CoreBuild" depends on it):
Done building target "PrepareResources" in project "POS_System.csproj".
Target "ResolveKeySource" skipped, due to false condition; ($(SignManifests) == 'true' or $(SignAssembly) == 'true') was evaluated as ( == 'true' or  == 'true').
Target "ResolveReferences" skipped. Previously built successfully.
Target "ResolveKeySource" skipped, due to false condition; ($(SignManifests) == 'true' or $(SignAssembly) == 'true') was evaluated as ( == 'true' or  == 'true').
Target "ResolveComReferences" skipped, due to false condition; ('@(COMReference)'!='' or '@(COMFileReference)'!='') was evaluated as (''!='' or ''!='').
Target "ResolveNativeReferences" skipped, due to false condition; ('@(NativeReference)'!='') was evaluated as (''!='').
Target "_SetExternalWin32ManifestProperties" skipped, due to false condition; ('$(GenerateClickOnceManifests)'=='true' or '@(NativeReference)'!='' or '@(ResolvedIsolatedComModules)'!='') was evaluated as (''=='true' or ''!='' or ''!='').
Target "_SetEmbeddedWin32ManifestProperties" in file "C:\Program Files\Microsoft Visual Studio\2022\Community\MSBuild\Current\Bin\Microsoft.Common.CurrentVersion.targets" from project "C:\Users\johna\source\repos\POS_System\POS_System\POS_System.csproj" (target "SetWin32ManifestProperties" depends on it):
Using "GetFrameworkPath" task from assembly "Microsoft.Build.Tasks.Core, Version=15.1.0.0, Culture=neutral, PublicKeyToken=b03f5f7f11d50a3a".
Task "GetFrameworkPath"
Done executing task "GetFrameworkPath".
C:\Program Files\Microsoft Visual Studio\2022\Community\MSBuild\Current\Bin\Microsoft.Common.CurrentVersion.targets(4219,7): message : Property reassignment: $(EmbeddedWin32Manifest)="C:\Windows\Microsoft.NET\Framework\v4.0.30319\default.win32manifest" (previous value: "") at C:\Program Files\Microsoft Visual Studio\2022\Community\MSBuild\Current\Bin\Microsoft.Common.CurrentVersion.targets (4219,7) [C:\Users\johna\source\repos\POS_System\POS_System\POS_System.csproj]
Done building target "_SetEmbeddedWin32ManifestProperties" in project "POS_System.csproj".
Target "SetWin32ManifestProperties" in file "C:\Program Files\Microsoft Visual Studio\2022\Community\MSBuild\Current\Bin\Microsoft.Common.CurrentVersion.targets" from project "C:\Users\johna\source\repos\POS_System\POS_System\POS_System.csproj" (target "Compile" depends on it):
Done building target "SetWin32ManifestProperties" in project "POS_System.csproj".
Target "_SetPreferNativeArm64Win32ManifestProperties" skipped, due to false condition; ( '$(PreferNativeArm64)'=='true' and '$(NoWin32Manifest)'!='true') was evaluated as ( ''=='true' and ''!='true').
Target "FindReferenceAssembliesForReferences" skipped. Previously built successfully.
Target "_GenerateCompileInputs" in file "C:\Program Files\Microsoft Visual Studio\2022\Community\MSBuild\Current\Bin\Microsoft.Common.CurrentVersion.targets" from project "C:\Users\johna\source\repos\POS_System\POS_System\POS_System.csproj" (target "Compile" depends on it):
Task "MSBuildInternalMessage" skipped, due to false condition; ('@(ManifestResourceWithNoCulture)'!='' and '%(ManifestResourceWithNoCulture.EmittedForCompatibilityOnly)'=='') was evaluated as ('obj\Debug\POS_System.accounts.resources;obj\Debug\POS_System.Administrator.resources;obj\Debug\POS_System.Login.resources;...'!='' and 'true'=='').
Task "MSBuildInternalMessage" skipped, due to false condition; ('@(ManifestNonResxWithNoCultureOnDisk)'!='' and '%(ManifestNonResxWithNoCultureOnDisk.EmittedForCompatibilityOnly)'=='') was evaluated as (''!='' and ''=='').
Done building target "_GenerateCompileInputs" in project "POS_System.csproj".
Target "PrepareForBuild" skipped. Previously built successfully.
Target "GenerateMSBuildEditorConfigFileShouldRun" in file "C:\Program Files\Microsoft Visual Studio\2022\Community\MSBuild\Current\Bin\Roslyn\Microsoft.Managed.Core.targets" from project "C:\Users\johna\source\repos\POS_System\POS_System\POS_System.csproj" (target "GenerateMSBuildEditorConfigFile" depends on it):
Done building target "GenerateMSBuildEditorConfigFileShouldRun" in project "POS_System.csproj".
Target "GenerateMSBuildEditorConfigFileCore" skipped, due to false condition; ('$(_GeneratedEditorConfigShouldRun)' == 'true') was evaluated as ('' == 'true').
Target "GenerateMSBuildEditorConfigFile" in file "C:\Program Files\Microsoft Visual Studio\2022\Community\MSBuild\Current\Bin\Roslyn\Microsoft.Managed.Core.targets" from project "C:\Users\johna\source\repos\POS_System\POS_System\POS_System.csproj" (target "BeforeCompile" depends on it):
Done building target "GenerateMSBuildEditorConfigFile" in project "POS_System.csproj".
Target "PrepareForBuild" skipped. Previously built successfully.
Target "GetReferenceAssemblyPaths" skipped. Previously built successfully.
Target "_SetTargetFrameworkMonikerAttribute" in file "C:\Program Files\Microsoft Visual Studio\2022\Community\MSBuild\Current\Bin\Microsoft.CSharp.CurrentVersion.targets" from project "C:\Users\johna\source\repos\POS_System\POS_System\POS_System.csproj" (target "GenerateTargetFrameworkMonikerAttribute" depends on it):
Done building target "_SetTargetFrameworkMonikerAttribute" in project "POS_System.csproj".
Target "GenerateTargetFrameworkMonikerAttribute" in file "C:\Program Files\Microsoft Visual Studio\2022\Community\MSBuild\Current\Bin\Microsoft.Common.CurrentVersion.targets" from project "C:\Users\johna\source\repos\POS_System\POS_System\POS_System.csproj" (target "BeforeCompile" depends on it):
Skipping target "GenerateTargetFrameworkMonikerAttribute" because all output files are up-to-date with respect to the input files.
Input files: C:\Program Files\Microsoft Visual Studio\2022\Community\MSBuild\Current\Bin\Microsoft.Common.targets
Output files: obj\Debug\.NETFramework,Version=v4.7.2.AssemblyAttributes.cs
Done building target "GenerateTargetFrameworkMonikerAttribute" in project "POS_System.csproj".
Target "GenerateAdditionalSources" skipped, due to false condition; ('@(AssemblyAttributes)' != '' and '$(GenerateAdditionalSources)' == 'true') was evaluated as ('' != '' and '' == 'true').
Target "BeforeCompile" in file "C:\Program Files\Microsoft Visual Studio\2022\Community\MSBuild\Current\Bin\Microsoft.Common.CurrentVersion.targets" from project "C:\Users\johna\source\repos\POS_System\POS_System\POS_System.csproj" (target "Compile" depends on it):
Done building target "BeforeCompile" in project "POS_System.csproj".
Target "_TimeStampBeforeCompile" skipped, due to false condition; ('$(RunPostBuildEvent)'=='OnOutputUpdated' or ('$(RegisterForComInterop)'=='true' and '$(OutputType)'=='library')) was evaluated as (''=='OnOutputUpdated' or (''=='true' and 'WinExe'=='library')).
Target "ResolveAssemblyReferences" skipped. Previously built successfully.
Target "_GenerateCompileInputs" skipped. Previously built successfully.
Target "_GenerateCompileDependencyCache" in file "C:\Program Files\Microsoft Visual Studio\2022\Community\MSBuild\Current\Bin\Microsoft.Common.CurrentVersion.targets" from project "C:\Users\johna\source\repos\POS_System\POS_System\POS_System.csproj" (target "Compile" depends on it):
Using "Hash" task from assembly "Microsoft.Build.Tasks.Core, Version=15.1.0.0, Culture=neutral, PublicKeyToken=b03f5f7f11d50a3a".
Task "Hash"
Done executing task "Hash".
Using "WriteLinesToFile" task from assembly "Microsoft.Build.Tasks.Core, Version=15.1.0.0, Culture=neutral, PublicKeyToken=b03f5f7f11d50a3a".
Task "WriteLinesToFile"
  Skipping write to file "obj\Debug\POS_System.csproj.CoreCompileInputs.cache" because content would not change.
Done executing task "WriteLinesToFile".
Done building target "_GenerateCompileDependencyCache" in project "POS_System.csproj".
Target "_ComputeNonExistentFileProperty" skipped, due to false condition; (('$(BuildingInsideVisualStudio)' == 'true') and ('$(BuildingOutOfProcess)' != 'true') and (('$(BuildingProject)' == 'false') or ('$(UseHostCompilerIfAvailable)' == 'true'))) was evaluated as (('' == 'true') and ('' != 'true') and (('true' == 'false') or ('true' == 'true'))).
Target "ResolveCodeAnalysisRuleSet" skipped, due to false condition; ('$(CodeAnalysisRuleSet)' != '') was evaluated as ('' != '').
Target "ShimReferencePathsWhenCommonTargetsDoesNotUnderstandReferenceAssemblies" skipped, due to false condition; ('@(ReferencePathWithRefAssemblies)' == '') was evaluated as ('C:\Users\johna\source\repos\POS_System\packages\BouncyCastle.Cryptography.2.6.2\lib\net461\BouncyCastle.Cryptography.dll;C:\Users\johna\source\repos\POS_System\packages\Google.Protobuf.3.32.0\lib\net45\Google.Protobuf.dll;C:\Users\johna\source\repos\POS_System\packages\K4os.Compression.LZ4.1.3.8\lib\net462\K4os.Compression.LZ4.dll;...' == '').
Target "_BeforeVBCSCoreCompile" in file "C:\Program Files\Microsoft Visual Studio\2022\Community\MSBuild\Current\Bin\Roslyn\Microsoft.Managed.Core.targets" from project "C:\Users\johna\source\repos\POS_System\POS_System\POS_System.csproj" (target "CoreCompile" depends on it):
Done building target "_BeforeVBCSCoreCompile" in project "POS_System.csproj".
Target "ShimReferencePathsWhenCommonTargetsDoesNotUnderstandReferenceAssemblies" skipped, due to false condition; ('@(ReferencePathWithRefAssemblies)' == '') was evaluated as ('C:\Users\johna\source\repos\POS_System\packages\BouncyCastle.Cryptography.2.6.2\lib\net461\BouncyCastle.Cryptography.dll;C:\Users\johna\source\repos\POS_System\packages\Google.Protobuf.3.32.0\lib\net45\Google.Protobuf.dll;C:\Users\johna\source\repos\POS_System\packages\K4os.Compression.LZ4.1.3.8\lib\net462\K4os.Compression.LZ4.dll;...' == '').
Target "_ComputeSkipAnalyzers" in file "C:\Program Files\Microsoft Visual Studio\2022\Community\MSBuild\Current\Bin\Roslyn\Microsoft.Managed.Core.targets" from project "C:\Users\johna\source\repos\POS_System\POS_System\POS_System.csproj" (target "CoreCompile" depends on it):
Task "ShowMessageForImplicitlySkipAnalyzers" skipped, due to false condition; ('$(_ImplicitlySkipAnalyzers)' == 'true') was evaluated as ('' == 'true').
Done building target "_ComputeSkipAnalyzers" in project "POS_System.csproj".
Target "_SetPathMapFromSourceRoots" skipped, due to false condition; ('$(DeterministicSourcePaths)' == 'true') was evaluated as ('' == 'true').
Target "CreateCompilerGeneratedFilesOutputPath" skipped, due to false condition; ('$(EmitCompilerGeneratedFiles)' == 'true' and !('$(DesignTimeBuild)' == 'true' OR '$(BuildingProject)' != 'true')) was evaluated as ('false' == 'true' and !('' == 'true' OR 'true' != 'true')).
Target "PreXsdCodeGen" in file "C:\WINDOWS\Microsoft.NET\Framework\v4.0.30319\Microsoft.ServiceModel.targets" from project "C:\Users\johna\source\repos\POS_System\POS_System\POS_System.csproj" (target "CoreCompile" depends on it):
Using "CallTarget" task from assembly "Microsoft.Build.Tasks.Core, Version=15.1.0.0, Culture=neutral, PublicKeyToken=b03f5f7f11d50a3a".
Task "CallTarget"
Target "CleanXsdCodeGen" in file "C:\WINDOWS\Microsoft.NET\Framework\v4.0.30319\Microsoft.ServiceModel.targets" from project "C:\Users\johna\source\repos\POS_System\POS_System\POS_System.csproj" (target "PreXsdCodeGen" depends on it):
Using "Delete" task from assembly "Microsoft.Build.Tasks.Core, Version=15.1.0.0, Culture=neutral, PublicKeyToken=b03f5f7f11d50a3a".
Task "Delete"
Done executing task "Delete".
Done building target "CleanXsdCodeGen" in project "POS_System.csproj".
Done executing task "CallTarget".
Done building target "PreXsdCodeGen" in project "POS_System.csproj".
Target "XsdCodeGen" skipped, due to false condition; ( '$(XsdCodeGenPreCondition)' == 'True' ) was evaluated as ( 'False' == 'True' ).
Target "CoreCompile" in file "C:\Program Files\Microsoft Visual Studio\2022\Community\MSBuild\Current\Bin\Roslyn\Microsoft.CSharp.Core.targets" from project "C:\Users\johna\source\repos\POS_System\POS_System\POS_System.csproj" (target "Compile" depends on it):
Building target "CoreCompile" completely.
Input file "stock.Designer.cs" is newer than output file "obj\Debug\POS_System.exe".
Using "Csc" task from assembly "C:\Program Files\Microsoft Visual Studio\2022\Community\MSBuild\Current\Bin\Roslyn\Microsoft.Build.Tasks.CodeAnalysis.dll".
Task "Csc"
  C:\Program Files\Microsoft Visual Studio\2022\Community\MSBuild\Current\Bin\Roslyn\csc.exe /noconfig /nowarn:1701,1702 /fullpaths /nostdlib+ /platform:anycpu32bitpreferred /errorreport:prompt /warn:4 /define:DEBUG;TRACE /highentropyva+ /reference:C:\Users\johna\source\repos\POS_System\packages\BouncyCastle.Cryptography.2.6.2\lib\net461\BouncyCastle.Cryptography.dll /reference:C:\Users\johna\source\repos\POS_System\packages\Google.Protobuf.3.32.0\lib\net45\Google.Protobuf.dll /reference:C:\Users\johna\source\repos\POS_System\packages\K4os.Compression.LZ4.1.3.8\lib\net462\K4os.Compression.LZ4.dll /reference:C:\Users\johna\source\repos\POS_System\packages\K4os.Hash.xxHash.1.0.8\lib\net462\K4os.Hash.xxHash.dll /reference:C:\Users\johna\source\repos\POS_System\packages\Microsoft.Bcl.AsyncInterfaces.5.0.0\lib\net461\Microsoft.Bcl.AsyncInterfaces.dll /reference:"C:\Program Files (x86)\Reference Assemblies\Microsoft\Framework\.NETFramework\v4.7.2\Microsoft.CSharp.dll" /reference:"C:\Program Files (x86)\Reference Assemblies\Microsoft\Framework\.NETFramework\v4.7.2\mscorlib.dll" /reference:C:\Users\johna\source\repos\POS_System\packages\MySql.Data.9.5.0\lib\net462\MySql.Data.dll /reference:C:\Users\johna\source\repos\POS_System\packages\System.Buffers.4.5.1\lib\net461\System.Buffers.dll /reference:C:\Users\johna\source\repos\POS_System\packages\System.Configuration.ConfigurationManager.8.0.0\lib\net462\System.Configuration.ConfigurationManager.dll /reference:"C:\Program Files (x86)\Reference Assemblies\Microsoft\Framework\.NETFramework\v4.7.2\System.Configuration.dll" /reference:"C:\Program Files (x86)\Reference Assemblies\Microsoft\Framework\.NETFramework\v4.7.2\System.Core.dll" /reference:"C:\Program Files (x86)\Reference Assemblies\Microsoft\Framework\.NETFramework\v4.7.2\System.Data.DataSetExtensions.dll" /reference:"C:\Program Files (x86)\Reference Assemblies\Microsoft\Framework\.NETFramework\v4.7.2\System.Data.dll" /reference:"C:\Program Files (x86)\Reference Assemblies\Microsoft\Framework\.NETFramework\v4.7.2\System.Deployment.dll" /reference:"C:\Program Files (x86)\Reference Assemblies\Microsoft\Framework\.NETFramework\v4.7.2\System.DirectoryServices.dll" /reference:"C:\Program Files (x86)\Reference Assemblies\Microsoft\Framework\.NETFramework\v4.7.2\System.dll" /reference:"C:\Program Files (x86)\Reference Assemblies\Microsoft\Framework\.NETFramework\v4.7.2\System.Drawing.dll" /reference:C:\Users\johna\source\repos\POS_System\packages\System.IO.Pipelines.5.0.2\lib\net461\System.IO.Pipelines.dll /reference:C:\Users\johna\source\repos\POS_System\packages\System.Memory.4.5.5\lib\net461\System.Memory.dll /reference:"C:\Program Files (x86)\Reference Assemblies\Microsoft\Framework\.NETFramework\v4.7.2\System.Net.Http.dll" /reference:"C:\Program Files (x86)\Reference Assemblies\Microsoft\Framework\.NETFramework\v4.7.2\System.Numerics.dll" /reference:C:\Users\johna\source\repos\POS_System\packages\System.Numerics.Vectors.4.5.0\lib\net46\System.Numerics.Vectors.dll /reference:C:\Users\johna\source\repos\POS_System\packages\System.Runtime.CompilerServices.Unsafe.6.0.0\lib\net461\System.Runtime.CompilerServices.Unsafe.dll /reference:C:\Users\johna\source\repos\POS_System\packages\System.Threading.Tasks.Extensions.4.5.4\lib\net461\System.Threading.Tasks.Extensions.dll /reference:"C:\Program Files (x86)\Reference Assemblies\Microsoft\Framework\.NETFramework\v4.7.2\System.Windows.Forms.DataVisualization.dll" /reference:"C:\Program Files (x86)\Reference Assemblies\Microsoft\Framework\.NETFramework\v4.7.2\System.Windows.Forms.dll" /reference:"C:\Program Files (x86)\Reference Assemblies\Microsoft\Framework\.NETFramework\v4.7.2\System.Xml.dll" /reference:"C:\Program Files (x86)\Reference Assemblies\Microsoft\Framework\.NETFramework\v4.7.2\System.Xml.Linq.dll" /reference:C:\Users\johna\source\repos\POS_System\packages\ZstdSharp.Port.0.8.6\lib\net462\ZstdSharp.dll /debug+ /debug:full /filealign:512 /optimize- /out:obj\Debug\POS_System.exe /subsystemversion:6.00 /resource:obj\Debug\POS_System.accounts.resources /resource:obj\Debug\POS_System.Administrator.resources /resource:obj\Debug\POS_System.Login.resources /resource:obj\Debug\POS_System.Low_Stock_Value_Reminder.resources /resource:obj\Debug\POS_System.POS.resources /resource:obj\Debug\POS_System.Properties.Resources.resources /resource:obj\Debug\POS_System.PurchasingSummary.resources /resource:obj\Debug\POS_System.receipt.resources /resource:obj\Debug\POS_System.stock.resources /resource:obj\Debug\POS_System.StockView.resources /resource:obj\Debug\POS_System.void.resources /resource:obj\Debug\POS_System.Supplier.resources /resource:obj\Debug\POS_System.Work_Station.resources /target:winexe /utf8output /deterministic+ /langversion:7.3 Administrator.cs accounts.cs accounts.Designer.cs Administrator.Designer.cs Login.cs Login.Designer.cs Low_Stock_Value_Reminder.cs Low_Stock_Value_Reminder.Designer.cs Model\Stock.cs Model\User.cs Model\CartItem.cs Model\StockRepository.cs Model\Supplier.cs Model\SupplierRepository.cs Services\AuthenticationService.cs Services\TransactionService.cs POS.cs POS.Designer.cs Program.cs Properties\AssemblyInfo.cs PurchasingSummary.cs PurchasingSummary.Designer.cs receipt.cs receipt.Designer.cs stock.cs stock.Designer.cs StockView.cs StockView.Designer.cs Admin.cs Admin.Designer.cs Supplier.cs Supplier.Designer.cs Work_Station.cs Work_Station.Designer.cs Properties\Resources.Designer.cs Properties\Settings.Designer.cs "obj\Debug\.NETFramework,Version=v4.7.2.AssemblyAttributes.cs"
  Microsoft (R) Visual C# Compiler version 4.14.0-3.25412.6 (c167adef)
  Copyright (C) Microsoft Corporation. All rights reserved.
C:\Users\johna\source\repos\POS_System\POS_System\Admin.cs(9,7): warning CS0105: The using directive for 'System' appeared previously in this namespace [C:\Users\johna\source\repos\POS_System\POS_System\POS_System.csproj]
C:\Users\johna\source\repos\POS_System\POS_System\Admin.cs(10,7): warning CS0105: The using directive for 'System.Collections.Generic' appeared previously in this namespace [C:\Users\johna\source\repos\POS_System\POS_System\POS_System.csproj]
C:\Users\johna\source\repos\POS_System\POS_System\Admin.cs(11,7): warning CS0105: The using directive for 'System.ComponentModel' appeared previously in this namespace [C:\Users\johna\source\repos\POS_System\POS_System\POS_System.csproj]
C:\Users\johna\source\repos\POS_System\POS_System\Admin.cs(12,7): warning CS0105: The using directive for 'System.Data' appeared previously in this namespace [C:\Users\johna\source\repos\POS_System\POS_System\POS_System.csproj]
C:\Users\johna\source\repos\POS_System\POS_System\Admin.cs(13,7): warning CS0105: The using directive for 'System.Drawing' appeared previously in this namespace [C:\Users\johna\source\repos\POS_System\POS_System\POS_System.csproj]
C:\Users\johna\source\repos\POS_System\POS_System\Admin.cs(14,7): warning CS0105: The using directive for 'System.Linq' appeared previously in this namespace [C:\Users\johna\source\repos\POS_System\POS_System\POS_System.csproj]
C:\Users\johna\source\repos\POS_System\POS_System\Admin.cs(15,7): warning CS0105: The using directive for 'System.Text' appeared previously in this namespace [C:\Users\johna\source\repos\POS_System\POS_System\POS_System.csproj]
C:\Users\johna\source\repos\POS_System\POS_System\Admin.cs(16,7): warning CS0105: The using directive for 'System.Threading.Tasks' appeared previously in this namespace [C:\Users\johna\source\repos\POS_System\POS_System\POS_System.csproj]
C:\Users\johna\source\repos\POS_System\POS_System\stock.cs(75,21): error CS0103: The name 'txtOrdernumber' does not exist in the current context [C:\Users\johna\source\repos\POS_System\POS_System\POS_System.csproj]
C:\Users\johna\source\repos\POS_System\POS_System\stock.cs(96,21): error CS0103: The name 'txtOrdernumber' does not exist in the current context [C:\Users\johna\source\repos\POS_System\POS_System\POS_System.csproj]
C:\Users\johna\source\repos\POS_System\POS_System\stock.cs(163,21): error CS0103: The name 'txtOrdernumber' does not exist in the current context [C:\Users\johna\source\repos\POS_System\POS_System\POS_System.csproj]
C:\Users\johna\source\repos\POS_System\POS_System\stock.cs(205,13): error CS0103: The name 'txtOrdernumber' does not exist in the current context [C:\Users\johna\source\repos\POS_System\POS_System\POS_System.csproj]
  CompilerServer: server - server processed compilation - POS_System
Done executing task "Csc" -- FAILED.
Done building target "CoreCompile" in project "POS_System.csproj" -- FAILED.
Target "_CheckForCompileOutputs" in file "C:\Program Files\Microsoft Visual Studio\2022\Community\MSBuild\Current\Bin\Microsoft.Common.CurrentVersion.targets" from project "C:\Users\johna\source\repos\POS_System\POS_System\POS_System.csproj" (target "_CleanGetCurrentAndPriorFileWrites" depends on it):
Done building target "_CheckForCompileOutputs" in project "POS_System.csproj".
Target "_SGenCheckForOutputs" skipped, due to false condition; ('$(_SGenGenerateSerializationAssembliesConfig)' == 'On' or ('@(WebReferenceUrl)'!='' and '$(_SGenGenerateSerializationAssembliesConfig)' == 'Auto')) was evaluated as ('Off' == 'On' or (''!='' and 'Off' == 'Auto')).
Target "_CleanGetCurrentAndPriorFileWrites" in file "C:\Program Files\Microsoft Visual Studio\2022\Community\MSBuild\Current\Bin\Microsoft.Common.CurrentVersion.targets" from project "C:\Users\johna\source\repos\POS_System\POS_System\POS_System.csproj" (target "_CleanRecordFileWrites" depends on it):
Using "ReadLinesFromFile" task from assembly "Microsoft.Build.Tasks.Core, Version=15.1.0.0, Culture=neutral, PublicKeyToken=b03f5f7f11d50a3a".
Task "ReadLinesFromFile"
Done executing task "ReadLinesFromFile".
Using "ConvertToAbsolutePath" task from assembly "Microsoft.Build.Tasks.Core, Version=15.1.0.0, Culture=neutral, PublicKeyToken=b03f5f7f11d50a3a".
Task "ConvertToAbsolutePath"
Done executing task "ConvertToAbsolutePath".
Using "FindUnderPath" task from assembly "Microsoft.Build.Tasks.Core, Version=15.1.0.0, Culture=neutral, PublicKeyToken=b03f5f7f11d50a3a".
Task "FindUnderPath"
  Comparison path is "C:\Users\johna\source\repos\POS_System\POS_System".
Done executing task "FindUnderPath".
Task "FindUnderPath"
  Comparison path is "bin\Debug\".
Done executing task "FindUnderPath".
Task "FindUnderPath"
  Comparison path is "obj\Debug\".
Done executing task "FindUnderPath".
Using "RemoveDuplicates" task from assembly "Microsoft.Build.Tasks.Core, Version=15.1.0.0, Culture=neutral, PublicKeyToken=b03f5f7f11d50a3a".
Task "RemoveDuplicates"
Done executing task "RemoveDuplicates".
Done building target "_CleanGetCurrentAndPriorFileWrites" in project "POS_System.csproj".
Target "_CleanRecordFileWrites" in file "C:\Program Files\Microsoft Visual Studio\2022\Community\MSBuild\Current\Bin\Microsoft.Common.CurrentVersion.targets" from project "C:\Users\johna\source\repos\POS_System\POS_System\POS_System.csproj" (target "CoreBuild" depends on it):
Task "RemoveDuplicates"
Done executing task "RemoveDuplicates".
Task "MakeDir"
Done executing task "MakeDir".
Task "WriteLinesToFile"
  Skipping write to file "obj\Debug\POS_System.csproj.FileListAbsolute.txt" because content would not change.
Done executing task "WriteLinesToFile".
Done building target "_CleanRecordFileWrites" in project "POS_System.csproj".
Done Building Project "C:\Users\johna\source\repos\POS_System\POS_System\POS_System.csproj" (Build target(s)) -- FAILED.


Build FAILED.

"C:\Users\johna\source\repos\POS_System\POS_System\POS_System.csproj" (Build target) (1) ->
(CoreCompile target) -> 
  C:\Users\johna\source\repos\POS_System\POS_System\Admin.cs(9,7): warning CS0105: The using directive for 'System' appeared previously in this namespace [C:\Users\johna\source\repos\POS_System\POS_System\POS_System.csproj]
  C:\Users\johna\source\repos\POS_System\POS_System\Admin.cs(10,7): warning CS0105: The using directive for 'System.Collections.Generic' appeared previously in this namespace [C:\Users\johna\source\repos\POS_System\POS_System\POS_System.csproj]
  C:\Users\johna\source\repos\POS_System\POS_System\Admin.cs(11,7): warning CS0105: The using directive for 'System.ComponentModel' appeared previously in this namespace [C:\Users\johna\source\repos\POS_System\POS_System\POS_System.csproj]
  C:\Users\johna\source\repos\POS_System\POS_System\Admin.cs(12,7): warning CS0105: The using directive for 'System.Data' appeared previously in this namespace [C:\Users\johna\source\repos\POS_System\POS_System\POS_System.csproj]
  C:\Users\johna\source\repos\POS_System\POS_System\Admin.cs(13,7): warning CS0105: The using directive for 'System.Drawing' appeared previously in this namespace [C:\Users\johna\source\repos\POS_System\POS_System\POS_System.csproj]
  C:\Users\johna\source\repos\POS_System\POS_System\Admin.cs(14,7): warning CS0105: The using directive for 'System.Linq' appeared previously in this namespace [C:\Users\johna\source\repos\POS_System\POS_System\POS_System.csproj]
  C:\Users\johna\source\repos\POS_System\POS_System\Admin.cs(15,7): warning CS0105: The using directive for 'System.Text' appeared previously in this namespace [C:\Users\johna\source\repos\POS_System\POS_System\POS_System.csproj]
  C:\Users\johna\source\repos\POS_System\POS_System\Admin.cs(16,7): warning CS0105: The using directive for 'System.Threading.Tasks' appeared previously in this namespace [C:\Users\johna\source\repos\POS_System\POS_System\POS_System.csproj]


"C:\Users\johna\source\repos\POS_System\POS_System\POS_System.csproj" (Build target) (1) ->
(CoreCompile target) -> 
  C:\Users\johna\source\repos\POS_System\POS_System\stock.cs(75,21): error CS0103: The name 'txtOrdernumber' does not exist in the current context [C:\Users\johna\source\repos\POS_System\POS_System\POS_System.csproj]
  C:\Users\johna\source\repos\POS_System\POS_System\stock.cs(96,21): error CS0103: The name 'txtOrdernumber' does not exist in the current context [C:\Users\johna\source\repos\POS_System\POS_System\POS_System.csproj]
  C:\Users\johna\source\repos\POS_System\POS_System\stock.cs(163,21): error CS0103: The name 'txtOrdernumber' does not exist in the current context [C:\Users\johna\source\repos\POS_System\POS_System\POS_System.csproj]
  C:\Users\johna\source\repos\POS_System\POS_System\stock.cs(205,13): error CS0103: The name 'txtOrdernumber' does not exist in the current context [C:\Users\johna\source\repos\POS_System\POS_System\POS_System.csproj]

    8 Warning(s)
    4 Error(s)

Time Elapsed 00:00:00.97
